Microchip MPLAB XC8 Compiler V2.32

Linker command line:

-W-3 --edf=C:\Program Files\Microchip\xc8\v2.32\pic\dat\en_msgs.txt -cn \
  -h+dist/default/production\free-voltage.production.sym \
  --cmf=dist/default/production\free-voltage.production.cmf -z -Q16LF1939 \
  -oC:\Users\Michel\AppData\Local\Temp\xcAsqlc.4 --defsym=__MPLAB_BUILD=1 \
  -Mdist/default/production/free-voltage.production.map -E1 \
  -ver=XC8 Compiler --acfsm=1493 -ASTACK=0212Fh-023EFh -pstack=STACK \
  -ACODE=00h-07FFhx8 -ASTRCODE=00h-03FFFh -ASTRING=00h-0FFhx64 \
  -ACONST=00h-0FFhx64 -AENTRY=00h-0FFhx64 -ACOMMON=070h-07Fh \
  -ABANK0=020h-06Fh -ABANK1=0A0h-0EFh -ABANK2=0120h-016Fh \
  -ABANK3=01A0h-01EFh -ABANK4=0220h-026Fh -ABANK5=02A0h-02EFh \
  -ABANK6=0320h-036Fh -ABANK7=03A0h-03EFh -ABANK8=0420h-046Fh \
  -ABANK9=04A0h-04EFh -ABANK10=0520h-056Fh -ABANK11=05A0h-05EFh \
  -ABANK12=0620h-064Fh -ABIGRAM=02000h-023EFh \
  -ARAM=020h-06Fh,0A0h-0EFh,0120h-016Fh,01A0h-01EFh,0220h-026Fh,02A0h-02EFh,0320h-036Fh,03A0h-03EFh,0420h-046Fh,04A0h-04EFh,0520h-056Fh,05A0h-05EFh,0620h-064Fh \
  -AABS1=020h-07Fh,0A0h-0EFh,0120h-016Fh,01A0h-01EFh,0220h-026Fh,02A0h-02EFh,0320h-036Fh,03A0h-03EFh,0420h-046Fh,04A0h-04EFh,0520h-056Fh,05A0h-05EFh,0620h-064Fh \
  -ASFR0=00h-01Fh -ASFR1=080h-09Fh -ASFR2=0100h-011Fh -ASFR3=0180h-019Fh \
  -ASFR4=0200h-021Fh -ASFR5=0280h-029Fh -ASFR6=0300h-031Fh \
  -ASFR7=0380h-039Fh -ASFR8=0400h-041Fh -ASFR9=0480h-049Fh \
  -ASFR10=0500h-051Fh -ASFR11=0580h-059Fh -ASFR12=0600h-061Fh \
  -ASFR13=0680h-06EFh -ASFR14=0700h-076Fh -ASFR15=0780h-07EFh \
  -ASFR16=0800h-086Fh -ASFR17=0880h-08EFh -ASFR18=0900h-096Fh \
  -ASFR19=0980h-09EFh -ASFR20=0A00h-0A6Fh -ASFR21=0A80h-0AEFh \
  -ASFR22=0B00h-0B6Fh -ASFR23=0B80h-0BEFh -ASFR24=0C00h-0C6Fh \
  -ASFR25=0C80h-0CEFh -ASFR26=0D00h-0D6Fh -ASFR27=0D80h-0DEFh \
  -ASFR28=0E00h-0E6Fh -ASFR29=0E80h-0EEFh -ASFR30=0F00h-0F6Fh \
  -ASFR31=0F80h-0FEFh -ACONFIG=08007h-08008h -DCONFIG=2 \
  -AIDLOC=08000h-08003h -DIDLOC=2 -AEEDATA=00h-0FFh/0F000h \
  -peeprom_data=EEDATA -DEEDATA=2 -DCODE=2 -DSTRCODE=2 -DSTRING=2 -DCONST=2 \
  -DENTRY=2 -preset_vec=00h,intentry=04h,init,end_init -ppowerup=CODE \
  -pcinit=CODE -pfunctab=ENTRY -k \
  C:\Users\Michel\AppData\Local\Temp\xcAsqlc.o \
  dist/default/production\free-voltage.production.o 

Object code version is 3.11

Machine type is 16LF1939



                Name                               Link     Load   Length Selector   Space Scale
C:\Users\Michel\AppData\Local\Temp\xcAsqlc.o
                end_init                             4A       4A        2        8       0
                reset_vec                             0        0        2        0       0
                config                             8007     8007        2        0       4
                idloc                              8000     8000        4        0       5
dist/default/production\free-voltage.production.o
                cinit                                4C       4C       36        8       0
                intentry                              4        4       46        8       0
                config                             8007     8007        2        0       4
                idloc                              8000     8000        4        0       5
                text112                            159E     159E       1B     2B3C       0
                text111                            130D     130D        4     261A       0
                text110                            12FB     12FB        1     25F6       0
                text109                            1311     1311        4     2622       0
                text108                             69C      69C       41        8       0
                text107                            16A9     16A9       23     2D52       0
                text106                            12FE     12FE        3     25FC       0
                text105                            1301     1301        3     2602       0
                text104                            148E     148E       10     291C       0
                text103                            16CC     16CC       26     2D98       0
                text102                            1424     1424        D     2848       0
                text101                            14AE     14AE       11     295C       0
                text100                            14BF     14BF       11     297E       0
                text99                             14D0     14D0       11     29A0       0
                text98                             14E1     14E1       11     29C2       0
                text97                             1586     1586       18     2B0C       0
                text96                             12FC     12FC        2     25F8       0
                text95                                2        2        2        0       0
                text94                             1304     1304        3     2608       0
                text93                             1315     1315        4     262A       0
                text92                             1307     1307        3     260E       0
                text91                             1319     1319        4     2632       0
                text90                             133D     133D        5     267A       0
                text89                             136F     136F        6     26DE       0
                text88                             130A     130A        3     2614       0
                text87                             17D1     17D1       2F     2FA2       0
                text86                             1342     1342        5     2684       0
                text85                             13B8     13B8        9     2770       0
                text84                             13A8     13A8        8     2750       0
                text83                              445      445       55        8       0
                text82                              615      615       46        8       0
                text81                             1393     1393        7     2726       0
                text80                             1347     1347        5     268E       0
                text79                             134C     134C        5     2698       0
                text78                             1351     1351        5     26A2       0
                text77                             1356     1356        5     26AC       0
                text76                             135B     135B        5     26B6       0
                text75                             1360     1360        5     26C0       0
                text74                             1365     1365        5     26CA       0
                text73                             136A     136A        5     26D4       0
                text72                             16F2     16F2       2C     2DE4       0
                text71                              800      800        3     1000       0
                text70                             17A3     17A3       2E     2F46       0
                text69                             131D     131D        4     263A       0
                text67                             1401     1401        B     2802       0
                text66                             1321     1321        4     2642       0
                text65                             140C     140C        C     2818       0
                text64                             1375     1375        6     26EA       0
                text63                             137B     137B        6     26F6       0
                text62                             149E     149E       10     293C       0
                text61                             1517     1517       15     2A2E       0
                text60                             152C     152C       16     2A58       0
                text59                             1542     1542       16     2A84       0
                text58                              2E6      2E6       8B        8       0
                text57                             13B0     13B0        8     2760       0
                text56                             13C1     13C1        9     2782       0
                text55                             13CA     13CA        9     2794       0
                text54                             13D3     13D3        9     27A6       0
                text53                             13DC     13DC        9     27B8       0
                text52                             13E5     13E5        9     27CA       0
                text51                              5CF      5CF       46        8       0
                text50                             13F7     13F7        A     27EE       0
                text49                             1418     1418        C     2830       0
                text48                             1628     1628       1F     2C50       0
                text47                             1325     1325        4     264A       0
                text46                             1504     1504       13     2A08       0
                text45                             1329     1329        4     2652       0
                text44                             132D     132D        4     265A       0
                text43                             1331     1331        4     2662       0
                text42                             1431     1431        D     2862       0
                text41                             13EE     13EE        9     27DC       0
                text40                              7AC      7AC       2F        8       0
                text39                             1558     1558       17     2AB0       0
                text38                             1647     1647       1F     2C8E       0
                text37                              4EE      4EE       51        8       0
                text36                             171E     171E       2C     2E3C       0
                text35                              587      587       48        8       0
                text34                             143E     143E        D     287C       0
                text33                             144B     144B        D     2896       0
                text32                             1458     1458        D     28B0       0
                text31                             174A     174A       2C     2E94       0
                text30                             139A     139A        7     2734       0
                text29                              65B      65B       41        8       0
                text28                              239      239       AD        8       0
                text27                              74C      74C       31        8       0
                text26                             14F2     14F2       12     29E4       0
                text25                             13A1     13A1        7     2742       0
                text24                             1687     1687       22     2D0E       0
                text23                             15B9     15B9       1B     2B72       0
                text22                             156F     156F       17     2ADE       0
                text21                              371      371       76        8       0
                text20                              77D      77D       2F        8       0
                text19                              49A      49A       54        8       0
                text18                             1381     1381        6     2702       0
                text17                             1335     1335        4     266A       0
                text16                             1339     1339        4     2672       0
                text15                             1465     1465        D     28CA       0
                text14                             147F     147F        F     28FE       0
                text13                             1776     1776       2D     2EEC       0
                text12                              803      803       26     1006       0
                text11                             1666     1666       21     2CCC       0
                text10                             15D4     15D4       1B     2BA8       0
                text9                              15EF     15EF       1B     2BDE       0
                text8                                82       82       F0        8       0
                text7                               3E7      3E7       5E        8       0
                text6                               71B      71B       31        8       0
                text5                               53F      53F       48        8       0
                text4                               6DD      6DD       3E        8       0
                text3                               7DB      7DB       24        8       0
                text2                              1472     1472        D     28E4       0
                text1                               172      172       C7        8       0
                maintext                            829      829      7D7     1052       0
                cstackBANK0                          20       20       36       20       1
                cstackCOMMON                         70       70        D       70       1
                cstackBANK1                          D2       D2       1D       A0       1
                cstackBANK3                         1C0      1C0       1F      1A0       1
                clrtext                            1387     1387        6     270E       0
                inittext                           138D     138D        6     271A       0
                bssBANK3                            1A0      1A0       20      1A0       1
                dataBANK2                           120      120       1E      120       1
                bssBANK2                            13E      13E       1A      120       1
                dataBANK1                            EF       EF        1       A0       1
                bssBANK1                             A0       A0       32       A0       1
                bssBANK0                             56       56        7       20       1
                bssCOMMON                            7D       7D        1       70       1
                stringtext45                       1A6F     1A6F        8     3000       0
                stringtext44                       1A67     1A67        8     3000       0
                stringtext43                       1A5F     1A5F        8     3000       0
                stringtext42                       1A57     1A57        8     3000       0
                stringtext41                       1A4F     1A4F        8     3000       0
                stringtext40                       1A47     1A47        8     3000       0
                stringtext39                       1A3F     1A3F        8     3000       0
                stringtext38                       1A37     1A37        8     3000       0
                stringtext37                       1A2F     1A2F        8     3000       0
                stringtext36                       1A27     1A27        8     3000       0
                stringtext35                       1A1E     1A1E        9     3000       0
                stringtext34                       1A15     1A15        9     3000       0
                stringtext33                       1A0C     1A0C        9     3000       0
                stringtext32                       1A03     1A03        9     3000       0
                stringtext31                       19FA     19FA        9     3000       0
                stringtext30                       19F1     19F1        9     3000       0
                stringtext29                       19E8     19E8        9     3000       0
                stringtext28                       19DF     19DF        9     3000       0
                stringtext27                       19D4     19D4        B     3000       0
                stringtext26                       19C8     19C8        C     3000       0
                stringtext25                       19BB     19BB        D     3000       0
                stringtext24                       19AE     19AE        D     3000       0
                stringtext23                       19A1     19A1        D     3000       0
                stringtext22                       1993     1993        E     3000       0
                stringtext21                       1984     1984        F     3000       0
                stringtext20                       1974     1974       10     3000       0
                stringtext19                       1963     1963       11     3000       0
                stringtext18                       1952     1952       11     3000       0
                stringtext17                       1941     1941       11     3000       0
                stringtext16                       192F     192F       12     3000       0
                stringtext15                       191D     191D       12     3000       0
                stringtext14                       190B     190B       12     3000       0
                stringtext13                       18F9     18F9       12     3000       0
                stringtext12                       18E7     18E7       12     3000       0
                stringtext11                       18D5     18D5       12     3000       0
                stringtext10                       18C2     18C2       13     3000       0
                stringtext9                        18AF     18AF       13     3000       0
                stringtext8                        189C     189C       13     3000       0
                stringtext7                        1887     1887       15     3000       0
                stringtext6                        1872     1872       15     3000       0
                stringtext5                        185B     185B       17     3000       0
                stringtext4                        1841     1841       1A     3000       0
                stringtext3                        1821     1821       20     3000       0
                stringtext2                        1800     1800       21     3000       0
                stringtext1                        1000     1000       4A     2000       0
                idataBANK2                         160A     160A       1E     2C14       0
                idataBANK1                          7FF      7FF        1        8       0

TOTAL           Name                               Link     Load   Length     Space
        CLASS   STACK          

        CLASS   CODE           
                end_init                             4A       4A        2         0
                cinit                                4C       4C       36         0
                intentry                              4        4       46         0
                reset_vec                             0        0        2         0
                text112                            159E     159E       1B         0
                text111                            130D     130D        4         0
                text110                            12FB     12FB        1         0
                text109                            1311     1311        4         0
                text108                             69C      69C       41         0
                text107                            16A9     16A9       23         0
                text106                            12FE     12FE        3         0
                text105                            1301     1301        3         0
                text104                            148E     148E       10         0
                text103                            16CC     16CC       26         0
                text102                            1424     1424        D         0
                text101                            14AE     14AE       11         0
                text100                            14BF     14BF       11         0
                text99                             14D0     14D0       11         0
                text98                             14E1     14E1       11         0
                text97                             1586     1586       18         0
                text96                             12FC     12FC        2         0
                text95                                2        2        2         0
                text94                             1304     1304        3         0
                text93                             1315     1315        4         0
                text92                             1307     1307        3         0
                text91                             1319     1319        4         0
                text90                             133D     133D        5         0
                text89                             136F     136F        6         0
                text88                             130A     130A        3         0
                text87                             17D1     17D1       2F         0
                text86                             1342     1342        5         0
                text85                             13B8     13B8        9         0
                text84                             13A8     13A8        8         0
                text83                              445      445       55         0
                text82                              615      615       46         0
                text81                             1393     1393        7         0
                text80                             1347     1347        5         0
                text79                             134C     134C        5         0
                text78                             1351     1351        5         0
                text77                             1356     1356        5         0
                text76                             135B     135B        5         0
                text75                             1360     1360        5         0
                text74                             1365     1365        5         0
                text73                             136A     136A        5         0
                text72                             16F2     16F2       2C         0
                text71                              800      800        3         0
                text70                             17A3     17A3       2E         0
                text69                             131D     131D        4         0
                text67                             1401     1401        B         0
                text66                             1321     1321        4         0
                text65                             140C     140C        C         0
                text64                             1375     1375        6         0
                text63                             137B     137B        6         0
                text62                             149E     149E       10         0
                text61                             1517     1517       15         0
                text60                             152C     152C       16         0
                text59                             1542     1542       16         0
                text58                              2E6      2E6       8B         0
                text57                             13B0     13B0        8         0
                text56                             13C1     13C1        9         0
                text55                             13CA     13CA        9         0
                text54                             13D3     13D3        9         0
                text53                             13DC     13DC        9         0
                text52                             13E5     13E5        9         0
                text51                              5CF      5CF       46         0
                text50                             13F7     13F7        A         0
                text49                             1418     1418        C         0
                text48                             1628     1628       1F         0
                text47                             1325     1325        4         0
                text46                             1504     1504       13         0
                text45                             1329     1329        4         0
                text44                             132D     132D        4         0
                text43                             1331     1331        4         0
                text42                             1431     1431        D         0
                text41                             13EE     13EE        9         0
                text40                              7AC      7AC       2F         0
                text39                             1558     1558       17         0
                text38                             1647     1647       1F         0
                text37                              4EE      4EE       51         0
                text36                             171E     171E       2C         0
                text35                              587      587       48         0
                text34                             143E     143E        D         0
                text33                             144B     144B        D         0
                text32                             1458     1458        D         0
                text31                             174A     174A       2C         0
                text30                             139A     139A        7         0
                text29                              65B      65B       41         0
                text28                              239      239       AD         0
                text27                              74C      74C       31         0
                text26                             14F2     14F2       12         0
                text25                             13A1     13A1        7         0
                text24                             1687     1687       22         0
                text23                             15B9     15B9       1B         0
                text22                             156F     156F       17         0
                text21                              371      371       76         0
                text20                              77D      77D       2F         0
                text19                              49A      49A       54         0
                text18                             1381     1381        6         0
                text17                             1335     1335        4         0
                text16                             1339     1339        4         0
                text15                             1465     1465        D         0
                text14                             147F     147F        F         0
                text13                             1776     1776       2D         0
                text12                              803      803       26         0
                text11                             1666     1666       21         0
                text10                             15D4     15D4       1B         0
                text9                              15EF     15EF       1B         0
                text8                                82       82       F0         0
                text7                               3E7      3E7       5E         0
                text6                               71B      71B       31         0
                text5                               53F      53F       48         0
                text4                               6DD      6DD       3E         0
                text3                               7DB      7DB       24         0
                text2                              1472     1472        D         0
                text1                               172      172       C7         0
                maintext                            829      829      7D7         0
                clrtext                            1387     1387        6         0
                inittext                           138D     138D        6         0
                idataBANK2                         160A     160A       1E         0
                idataBANK1                          7FF      7FF        1         0

        CLASS   STRCODE        
                stringtext45                       1A6F     1A6F        8         0
                stringtext44                       1A67     1A67        8         0
                stringtext43                       1A5F     1A5F        8         0
                stringtext42                       1A57     1A57        8         0
                stringtext41                       1A4F     1A4F        8         0
                stringtext40                       1A47     1A47        8         0
                stringtext39                       1A3F     1A3F        8         0
                stringtext38                       1A37     1A37        8         0
                stringtext37                       1A2F     1A2F        8         0
                stringtext36                       1A27     1A27        8         0
                stringtext35                       1A1E     1A1E        9         0
                stringtext34                       1A15     1A15        9         0
                stringtext33                       1A0C     1A0C        9         0
                stringtext32                       1A03     1A03        9         0
                stringtext31                       19FA     19FA        9         0
                stringtext30                       19F1     19F1        9         0
                stringtext29                       19E8     19E8        9         0
                stringtext28                       19DF     19DF        9         0
                stringtext27                       19D4     19D4        B         0
                stringtext26                       19C8     19C8        C         0
                stringtext25                       19BB     19BB        D         0
                stringtext24                       19AE     19AE        D         0
                stringtext23                       19A1     19A1        D         0
                stringtext22                       1993     1993        E         0
                stringtext21                       1984     1984        F         0
                stringtext20                       1974     1974       10         0
                stringtext19                       1963     1963       11         0
                stringtext18                       1952     1952       11         0
                stringtext17                       1941     1941       11         0
                stringtext16                       192F     192F       12         0
                stringtext15                       191D     191D       12         0
                stringtext14                       190B     190B       12         0
                stringtext13                       18F9     18F9       12         0
                stringtext12                       18E7     18E7       12         0
                stringtext11                       18D5     18D5       12         0
                stringtext10                       18C2     18C2       13         0
                stringtext9                        18AF     18AF       13         0
                stringtext8                        189C     189C       13         0
                stringtext7                        1887     1887       15         0
                stringtext6                        1872     1872       15         0
                stringtext5                        185B     185B       17         0
                stringtext4                        1841     1841       1A         0
                stringtext3                        1821     1821       20         0
                stringtext2                        1800     1800       21         0
                stringtext1                        1000     1000       4A         0

        CLASS   STRING         

        CLASS   CONST          

        CLASS   ENTRY          

        CLASS   COMMON         
                cstackCOMMON                         70       70        D         1
                bssCOMMON                            7D       7D        1         1

        CLASS   BANK0          
                cstackBANK0                          20       20       36         1
                bssBANK0                             56       56        7         1

        CLASS   BANK1          
                cstackBANK1                          D2       D2       1D         1
                dataBANK1                            EF       EF        1         1
                bssBANK1                             A0       A0       32         1

        CLASS   BANK2          
                dataBANK2                           120      120       1E         1
                bssBANK2                            13E      13E       1A         1

        CLASS   BANK3          
                cstackBANK3                         1C0      1C0       1F         1
                bssBANK3                            1A0      1A0       20         1

        CLASS   BANK4          

        CLASS   BANK5          

        CLASS   BANK6          

        CLASS   BANK7          

        CLASS   BANK8          

        CLASS   BANK9          

        CLASS   BANK10         

        CLASS   BANK11         

        CLASS   BANK12         

        CLASS   BIGRAM         

        CLASS   RAM            

        CLASS   ABS1           
                abs_s1                               7E       7E        2         1

        CLASS   SFR0           

        CLASS   SFR1           

        CLASS   SFR2           

        CLASS   SFR3           

        CLASS   SFR4           

        CLASS   SFR5           

        CLASS   SFR6           

        CLASS   SFR7           

        CLASS   SFR8           

        CLASS   SFR9           

        CLASS   SFR10          

        CLASS   SFR11          

        CLASS   SFR12          

        CLASS   SFR13          

        CLASS   SFR14          

        CLASS   SFR15          

        CLASS   SFR16          

        CLASS   SFR17          

        CLASS   SFR18          

        CLASS   SFR19          

        CLASS   SFR20          

        CLASS   SFR21          

        CLASS   SFR22          

        CLASS   SFR23          

        CLASS   SFR24          

        CLASS   SFR25          

        CLASS   SFR26          

        CLASS   SFR27          

        CLASS   SFR28          

        CLASS   SFR29          

        CLASS   SFR30          

        CLASS   SFR31          

        CLASS   CONFIG         
                config                             8007     8007        2         4

        CLASS   IDLOC          
                idloc                              8000     8000        4         5

        CLASS   EEDATA         

        CLASS   BANK31         

        CLASS   BANK30         

        CLASS   BANK29         

        CLASS   BANK28         

        CLASS   BANK27         

        CLASS   BANK26         

        CLASS   BANK25         

        CLASS   BANK24         

        CLASS   BANK23         

        CLASS   BANK22         

        CLASS   BANK21         

        CLASS   BANK20         

        CLASS   BANK19         

        CLASS   BANK18         

        CLASS   BANK17         

        CLASS   BANK16         

        CLASS   BANK15         

        CLASS   BANK14         

        CLASS   BANK13         



SEGMENTS        Name                           Load    Length   Top    Selector   Space  Class     Delta

                reset_vec                      000000  000004  000004         0       0  CODE        2
                intentry                       000004  0007FC  000800         8       0  CODE        2
                cstackBANK0                    000020  00003D  00005D        20       1  BANK0       1
                cstackCOMMON                   000070  00000E  00007E        70       1  COMMON      1
                bssBANK1                       0000A0  000050  0000F0        A0       1  BANK1       1
                dataBANK2                      000120  000038  000158       120       1  BANK2       1
                bssBANK3                       0001A0  00003F  0001DF       1A0       1  BANK3       1
                text71                         000800  000003  000803      1000       0  CODE        2
                text12                         000803  000026  000829      1006       0  CODE        2
                maintext                       000829  0007D7  001000      1052       0  CODE        2
                stringtext1                    001000  00004A  00104A      2000       0  STRCODE     2
                text110                        0012FB  000001  0012FC      25F6       0  CODE        2
                text96                         0012FC  000002  0012FE      25F8       0  CODE        2
                text106                        0012FE  000003  001301      25FC       0  CODE        2
                text105                        001301  000003  001304      2602       0  CODE        2
                text94                         001304  000003  001307      2608       0  CODE        2
                text92                         001307  000003  00130A      260E       0  CODE        2
                text88                         00130A  000003  00130D      2614       0  CODE        2
                text111                        00130D  000004  001311      261A       0  CODE        2
                text109                        001311  000004  001315      2622       0  CODE        2
                text93                         001315  000004  001319      262A       0  CODE        2
                text91                         001319  000004  00131D      2632       0  CODE        2
                text69                         00131D  000004  001321      263A       0  CODE        2
                text66                         001321  000004  001325      2642       0  CODE        2
                text47                         001325  000004  001329      264A       0  CODE        2
                text45                         001329  000004  00132D      2652       0  CODE        2
                text44                         00132D  000004  001331      265A       0  CODE        2
                text43                         001331  000004  001335      2662       0  CODE        2
                text17                         001335  000004  001339      266A       0  CODE        2
                text16                         001339  000004  00133D      2672       0  CODE        2
                text90                         00133D  000005  001342      267A       0  CODE        2
                text86                         001342  000005  001347      2684       0  CODE        2
                text80                         001347  000005  00134C      268E       0  CODE        2
                text79                         00134C  000005  001351      2698       0  CODE        2
                text78                         001351  000005  001356      26A2       0  CODE        2
                text77                         001356  000005  00135B      26AC       0  CODE        2
                text76                         00135B  000005  001360      26B6       0  CODE        2
                text75                         001360  000005  001365      26C0       0  CODE        2
                text74                         001365  000005  00136A      26CA       0  CODE        2
                text73                         00136A  000005  00136F      26D4       0  CODE        2
                text89                         00136F  000006  001375      26DE       0  CODE        2
                text64                         001375  000006  00137B      26EA       0  CODE        2
                text63                         00137B  000006  001381      26F6       0  CODE        2
                text18                         001381  000006  001387      2702       0  CODE        2
                clrtext                        001387  000006  00138D      270E       0  CODE        2
                inittext                       00138D  000006  001393      271A       0  CODE        2
                text81                         001393  000007  00139A      2726       0  CODE        2
                text30                         00139A  000007  0013A1      2734       0  CODE        2
                text25                         0013A1  000007  0013A8      2742       0  CODE        2
                text84                         0013A8  000008  0013B0      2750       0  CODE        2
                text57                         0013B0  000008  0013B8      2760       0  CODE        2
                text85                         0013B8  000009  0013C1      2770       0  CODE        2
                text56                         0013C1  000009  0013CA      2782       0  CODE        2
                text55                         0013CA  000009  0013D3      2794       0  CODE        2
                text54                         0013D3  000009  0013DC      27A6       0  CODE        2
                text53                         0013DC  000009  0013E5      27B8       0  CODE        2
                text52                         0013E5  000009  0013EE      27CA       0  CODE        2
                text41                         0013EE  000009  0013F7      27DC       0  CODE        2
                text50                         0013F7  00000A  001401      27EE       0  CODE        2
                text67                         001401  00000B  00140C      2802       0  CODE        2
                text65                         00140C  00000C  001418      2818       0  CODE        2
                text49                         001418  00000C  001424      2830       0  CODE        2
                text102                        001424  00000D  001431      2848       0  CODE        2
                text42                         001431  00000D  00143E      2862       0  CODE        2
                text34                         00143E  00000D  00144B      287C       0  CODE        2
                text33                         00144B  00000D  001458      2896       0  CODE        2
                text32                         001458  00000D  001465      28B0       0  CODE        2
                text15                         001465  00000D  001472      28CA       0  CODE        2
                text2                          001472  00000D  00147F      28E4       0  CODE        2
                text14                         00147F  00000F  00148E      28FE       0  CODE        2
                text104                        00148E  000010  00149E      291C       0  CODE        2
                text62                         00149E  000010  0014AE      293C       0  CODE        2
                text101                        0014AE  000011  0014BF      295C       0  CODE        2
                text100                        0014BF  000011  0014D0      297E       0  CODE        2
                text99                         0014D0  000011  0014E1      29A0       0  CODE        2
                text98                         0014E1  000011  0014F2      29C2       0  CODE        2
                text26                         0014F2  000012  001504      29E4       0  CODE        2
                text46                         001504  000013  001517      2A08       0  CODE        2
                text61                         001517  000015  00152C      2A2E       0  CODE        2
                text60                         00152C  000016  001542      2A58       0  CODE        2
                text59                         001542  000016  001558      2A84       0  CODE        2
                text39                         001558  000017  00156F      2AB0       0  CODE        2
                text22                         00156F  000017  001586      2ADE       0  CODE        2
                text97                         001586  000018  00159E      2B0C       0  CODE        2
                text112                        00159E  00001B  0015B9      2B3C       0  CODE        2
                text23                         0015B9  00001B  0015D4      2B72       0  CODE        2
                text10                         0015D4  00001B  0015EF      2BA8       0  CODE        2
                text9                          0015EF  00001B  00160A      2BDE       0  CODE        2
                idataBANK2                     00160A  00001E  001628      2C14       0  CODE        2
                text48                         001628  00001F  001647      2C50       0  CODE        2
                text38                         001647  00001F  001666      2C8E       0  CODE        2
                text11                         001666  000021  001687      2CCC       0  CODE        2
                text24                         001687  000022  0016A9      2D0E       0  CODE        2
                text107                        0016A9  000023  0016CC      2D52       0  CODE        2
                text103                        0016CC  000026  0016F2      2D98       0  CODE        2
                text72                         0016F2  00002C  00171E      2DE4       0  CODE        2
                text36                         00171E  00002C  00174A      2E3C       0  CODE        2
                text31                         00174A  00002C  001776      2E94       0  CODE        2
                text13                         001776  00002D  0017A3      2EEC       0  CODE        2
                text70                         0017A3  00002E  0017D1      2F46       0  CODE        2
                text87                         0017D1  00002F  001800      2FA2       0  CODE        2
                stringtext2                    001800  000277  001A77      3000       0  STRCODE     2


UNUSED ADDRESS RANGES

        Name                Unused          Largest block    Delta
        BANK0            0005D-0006F              13           1
        BANK10           00520-0056F              50           1
        BANK11           005A0-005EF              50           1
        BANK12           00620-0064F              30           1
        BANK2            00158-0016F              18           1
        BANK3            001DF-001EF              11           1
        BANK4            00220-0026F              50           1
        BANK5            002A0-002EF              50           1
        BANK6            00320-0036F              50           1
        BANK7            003A0-003EF              50           1
        BANK8            00420-0046F              50           1
        BANK9            004A0-004EF              50           1
        BIGRAM           02000-023EF             3F0           1
        CODE             0104A-012FA             2B1           2
                         01A77-03FFF             800
        CONST            0104A-012FA             100           2
                         01A77-03FFF             100
        EEDATA           0F000-0F0FF             100           2
        ENTRY            0104A-012FA             100           2
                         01A77-03FFF             100
        RAM              0005D-0006F              13           1
                         00158-0016F              18
                         001DF-001EF              11
                         00220-0026F              50
                         002A0-002EF              50
                         00320-0036F              50
                         003A0-003EF              50
                         00420-0046F              50
                         004A0-004EF              50
                         00520-0056F              50
                         005A0-005EF              50
                         00620-0064F              30
        SFR0             00000-0001F              20           1
        SFR1             00080-0009F              20           1
        SFR10            00500-0051F              20           1
        SFR11            00580-0059F              20           1
        SFR12            00600-0061F              20           1
        SFR13            00680-006EF              70           1
        SFR14            00700-0076F              70           1
        SFR15            00780-007EF              70           1
        SFR16            00800-0086F              70           1
        SFR17            00880-008EF              70           1
        SFR18            00900-0096F              70           1
        SFR19            00980-009EF              70           1
        SFR2             00100-0011F              20           1
        SFR20            00A00-00A6F              70           1
        SFR21            00A80-00AEF              70           1
        SFR22            00B00-00B6F              70           1
        SFR23            00B80-00BEF              70           1
        SFR24            00C00-00C6F              70           1
        SFR25            00C80-00CEF              70           1
        SFR26            00D00-00D6F              70           1
        SFR27            00D80-00DEF              70           1
        SFR28            00E00-00E6F              70           1
        SFR29            00E80-00EEF              70           1
        SFR3             00180-0019F              20           1
        SFR30            00F00-00F6F              70           1
        SFR31            00F80-00FEF              70           1
        SFR4             00200-0021F              20           1
        SFR5             00280-0029F              20           1
        SFR6             00300-0031F              20           1
        SFR7             00380-0039F              20           1
        SFR8             00400-0041F              20           1
        SFR9             00480-0049F              20           1
        STACK            0212F-023EF             2C1           1
        STRCODE          0104A-012FA             2B1           2
                         01A77-03FFF            2589
        STRING           0104A-012FA             100           2
                         01A77-03FFF             100

                                  Symbol Table

?_printf                                       cstackBANK0  0003F
?_strlen                                       cstackBANK0  00023
?_testCP                                       cstackBANK0  00023
?_vfpfcnvrt                                    cstackBANK0  0002E
?_vfprintf                                     cstackBANK0  00037
EUSART_Read@readValue                          cstackBANK0  00024
EUSART_SetErrorHandler@interruptHandler        cstackBANK0  00023
EUSART_SetFramingErrorHandler@interruptHandler cstackBANK0  00023
EUSART_SetOverrunErrorHandler@interruptHandler cstackBANK0  00023
EUSART_SetRxInterruptHandler@interruptHandler  cstackBANK0  00023
EUSART_SetTxInterruptHandler@interruptHandler  cstackBANK0  00023
EUSART_Write@txData                            cstackBANK0  00024
I2C_CallbackReturnReset@funPtr                 cstackCOMMON 00079
I2C_MasterSendTxData@data                      cstackCOMMON 00070
I2C_Master_Write@data                          cstackBANK0  00023
I2C_SetBuffer@buffer                           cstackCOMMON 00073
I2C_SetBuffer@bufferSize                       cstackCOMMON 00070
I2C_SetCallback@cb                             cstackCOMMON 00070
I2C_SetCallback@idx                            cstackCOMMON 00074
I2C_SetCallback@ptr                            cstackCOMMON 00072
I2C_SetDataCompleteCallback@cb                 cstackCOMMON 00075
I2C_SetDataCompleteCallback@ptr                cstackCOMMON 00077
IO_Expander_Write@Data                         cstackBANK0  00024
LCD_CMD@CMD                                    cstackBANK0  00028
LCD_Init@I2C_Add                               cstackBANK0  0002B
LCD_Set_Cursor@COL                             cstackBANK0  00029
LCD_Set_Cursor@ROW                             cstackBANK0  0002C
LCD_Write_4Bit@Nibble                          cstackBANK0  00026
LCD_Write_Char@Data                            cstackBANK0  00028
LCD_Write_String@Str                           cstackBANK0  00029
LCD_Write_String@i                             cstackBANK0  0002C
_ACKDT                                         (abs)        010B5
_ACKEN                                         (abs)        010B4
_ACKSTAT                                       (abs)        010B6
_ADCON0                                        (abs)        0009D
_ADCON0bits                                    (abs)        0009D
_ADCON1                                        (abs)        0009E
_ADC_Initialize                                text57       013B0
_ADRESH                                        (abs)        0009C
_ADRESL                                        (abs)        0009B
_ANSELA                                        (abs)        0018C
_ANSELB                                        (abs)        0018D
_ANSELD                                        (abs)        0018F
_ANSELE                                        (abs)        00190
_APFCON                                        (abs)        0011D
_BAUDCON                                       (abs)        0019F
_BORCON                                        (abs)        00116
_BackLight_State                               dataBANK1    000EF
_EEADRH                                        (abs)        00192
_EEADRL                                        (abs)        00191
_EECON1bits                                    (abs)        00195
_EECON2                                        (abs)        00196
_EEDATH                                        (abs)        00194
_EEDATL                                        (abs)        00193
_EUSART_DefaultErrorHandler                    text111      0130D
_EUSART_DefaultFramingErrorHandler             text110      012FB
_EUSART_DefaultOverrunErrorHandler             text109      01311
_EUSART_ErrorHandler                           bssBANK1     000C3
_EUSART_FramingErrorHandler                    bssBANK1     000C7
_EUSART_Initialize                             text51       005CF
_EUSART_OverrunErrorHandler                    bssBANK1     000C5
_EUSART_Read                                   text20       0077D
_EUSART_Receive_ISR                            text108      0069C
_EUSART_RxDataHandler                          text112      0159E
_EUSART_RxDefaultInterruptHandler              bssBANK1     000C9
_EUSART_SetErrorHandler                        text56       013C1
_EUSART_SetFramingErrorHandler                 text55       013CA
_EUSART_SetOverrunErrorHandler                 text54       013D3
_EUSART_SetRxInterruptHandler                  text53       013DC
_EUSART_SetTxInterruptHandler                  text52       013E5
_EUSART_Transmit_ISR                           text107      016A9
_EUSART_TxDefaultInterruptHandler              bssBANK1     000CB
_EUSART_Write                                  text31       0174A
_I2C_CallbackReturnReset                       text95       00002
_I2C_CallbackReturnStop                        text96       012FC
_I2C_DO_ADDRESS_NACK                           text72       016F2
_I2C_DO_IDLE                                   text86       01342
_I2C_DO_RCEN                                   text81       01393
_I2C_DO_RESET                                  text73       0136A
_I2C_DO_RX                                     text82       00615
_I2C_DO_RX_ACK                                 text76       0135B
_I2C_DO_RX_NACK_RESTART                        text74       01365
_I2C_DO_RX_NACK_STOP                           text75       01360
_I2C_DO_SEND_ADR_READ                          text85       013B8
_I2C_DO_SEND_ADR_WRITE                         text84       013A8
_I2C_DO_SEND_RESTART                           text78       01351
_I2C_DO_SEND_RESTART_READ                      text80       01347
_I2C_DO_SEND_RESTART_WRITE                     text79       0134C
_I2C_DO_SEND_STOP                              text77       01356
_I2C_DO_TX                                     text83       00445
_I2C_DO_TX_EMPTY                               text87       017D1
_I2C_Initialize                                text50       013F7
_I2C_MasterClearIrq                            text71       00800
_I2C_MasterEnableRestart                       text106      012FE
_I2C_MasterFsm                                 text70       017A3
_I2C_MasterGetRxData                           text92       01307
_I2C_MasterIsNack                              text89       0136F
_I2C_MasterIsr                                 text69       0131D
_I2C_MasterSendAck                             text91       01319
_I2C_MasterSendNack                            text93       01315
_I2C_MasterSendTxData                          text90       0133D
_I2C_MasterSetIrq                              text88       0130A
_I2C_MasterStartRx                             text94       01304
_I2C_MasterStop                                text105      01301
_I2C_Master_Init                               text67       01401
_I2C_Master_Start                              text64       01375
_I2C_Master_Stop                               text63       0137B
_I2C_Master_Wait                               text65       0140C
_I2C_Master_Write                              text62       0149E
_I2C_SetBuffer                                 text104      0148E
_I2C_SetCallback                               text103      016CC
_I2C_SetDataCompleteCallback                   text102      01424
_I2C_Status                                    bssBANK1     000A0
_IN12                                          text66       01321
_IN48                                          text17       01335
_INTCONbits                                    (abs)        0000B
_INTERRUPT_InterruptManager                    intentry     00004
_IN_OFF                                        text16       01339
_IO_Expander_Write                             text61       01517
_LATA                                          (abs)        0010C
_LATAbits                                      (abs)        0010C
_LATB                                          (abs)        0010D
_LATBbits                                      (abs)        0010D
_LATC                                          (abs)        0010E
_LATD                                          (abs)        0010F
_LATE                                          (abs)        00110
_LATEbits                                      (abs)        00110
_LCD_CMD                                       text59       01542
_LCD_Clear                                     text41       013EE
_LCD_Init                                      text58       002E6
_LCD_Set_Cursor                                text40       007AC
_LCD_Write_4Bit                                text60       0152C
_LCD_Write_Char                                text39       01558
_LCD_Write_String                              text38       01647
_MSSP_InterruptHandler                         bssBANK1     000CF
_OPTION_REGbits                                (abs)        00095
_OSCCON                                        (abs)        00099
_OSCILLATOR_Initialize                         text49       01418
_OSCTUNE                                       (abs)        00098
_PEN                                           (abs)        010B2
_PIE1bits                                      (abs)        00091
_PIE2bits                                      (abs)        00092
_PIN_MANAGER_Initialize                        text48       01628
_PIR1bits                                      (abs)        00011
_PIR2bits                                      (abs)        00012
_PLLR                                          (abs)        004D6
_PORTDbits                                     (abs)        0000F
_RCEN                                          (abs)        010B3
_RCREG                                         (abs)        00199
_RCSTA                                         (abs)        0019D
_RCSTAbits                                     (abs)        0019D
_RS                                            bssCOMMON    0007D
_RSEN                                          (abs)        010B1
_SEN                                           (abs)        010B0
_SPBRGH                                        (abs)        0019C
_SPBRGL                                        (abs)        0019B
_SSPADD                                        (abs)        00212
_SSPBUF                                        (abs)        00211
_SSPCON                                        (abs)        00215
_SSPCON1                                       (abs)        00215
_SSPCON1bits                                   (abs)        00215
_SSPCON2                                       (abs)        00216
_SSPCON2bits                                   (abs)        00216
_SSPIF                                         (abs)        0008B
_SSPSTAT                                       (abs)        00214
_SSPSTATbits                                   (abs)        00214
_SYSTEM_Initialize                             text46       01504
_TC12                                          text45       01329
_TC48                                          text44       0132D
_TC_OFF                                        text43       01331
_TRISA                                         (abs)        0008C
_TRISB                                         (abs)        0008D
_TRISC                                         (abs)        0008E
_TRISC3                                        (abs)        00473
_TRISC4                                        (abs)        00474
_TRISD                                         (abs)        0008F
_TRISE                                         (abs)        00090
_TXREG                                         (abs)        0019A
_TXSTA                                         (abs)        0019E
_TXSTAbits                                     (abs)        0019E
_WDTCON                                        (abs)        00097
_WDT_Initialize                                text47       01325
_WPUB                                          (abs)        0020D
_WPUE                                          (abs)        00210
__Habs1                                        abs1         00000
__Hbank0                                       bank0        00000
__Hbank1                                       bank1        00000
__Hbank10                                      bank10       00000
__Hbank11                                      bank11       00000
__Hbank12                                      bank12       00000
__Hbank13                                      bank13       00000
__Hbank14                                      bank14       00000
__Hbank15                                      bank15       00000
__Hbank16                                      bank16       00000
__Hbank17                                      bank17       00000
__Hbank18                                      bank18       00000
__Hbank19                                      bank19       00000
__Hbank2                                       bank2        00000
__Hbank20                                      bank20       00000
__Hbank21                                      bank21       00000
__Hbank22                                      bank22       00000
__Hbank23                                      bank23       00000
__Hbank24                                      bank24       00000
__Hbank25                                      bank25       00000
__Hbank26                                      bank26       00000
__Hbank27                                      bank27       00000
__Hbank28                                      bank28       00000
__Hbank29                                      bank29       00000
__Hbank3                                       bank3        00000
__Hbank30                                      bank30       00000
__Hbank31                                      bank31       00000
__Hbank4                                       bank4        00000
__Hbank5                                       bank5        00000
__Hbank6                                       bank6        00000
__Hbank7                                       bank7        00000
__Hbank8                                       bank8        00000
__Hbank9                                       bank9        00000
__Hbigram                                      bigram       00000
__HbssBANK0                                    bssBANK0     00000
__HbssBANK1                                    bssBANK1     00000
__HbssBANK2                                    bssBANK2     00000
__HbssBANK3                                    bssBANK3     00000
__HbssCOMMON                                   bssCOMMON    00000
__Hcinit                                       cinit        00082
__Hclrtext                                     clrtext      00000
__Hcode                                        code         00000
__Hcommon                                      common       00000
__Hconfig                                      config       08009
__HcstackBANK0                                 cstackBANK0  00000
__HcstackBANK1                                 cstackBANK1  00000
__HcstackBANK3                                 cstackBANK3  00000
__HcstackCOMMON                                cstackCOMMON 00000
__HdataBANK1                                   dataBANK1    00000
__HdataBANK2                                   dataBANK2    00000
__Heeprom_data                                 eeprom_data  00000
__Hend_init                                    end_init     0004C
__Hfunctab                                     functab      00000
__HidataBANK1                                  idataBANK1   00000
__HidataBANK2                                  idataBANK2   00000
__Hidloc                                       idloc        08004
__Hinit                                        init         0004A
__Hinittext                                    inittext     00000
__Hintentry                                    intentry     0004A
__Hmaintext                                    maintext     00000
__Hpowerup                                     powerup      00000
__Hram                                         ram          00000
__Hreset_vec                                   reset_vec    00002
__Hsfr0                                        sfr0         00000
__Hsfr1                                        sfr1         00000
__Hsfr10                                       sfr10        00000
__Hsfr11                                       sfr11        00000
__Hsfr12                                       sfr12        00000
__Hsfr13                                       sfr13        00000
__Hsfr14                                       sfr14        00000
__Hsfr15                                       sfr15        00000
__Hsfr16                                       sfr16        00000
__Hsfr17                                       sfr17        00000
__Hsfr18                                       sfr18        00000
__Hsfr19                                       sfr19        00000
__Hsfr2                                        sfr2         00000
__Hsfr20                                       sfr20        00000
__Hsfr21                                       sfr21        00000
__Hsfr22                                       sfr22        00000
__Hsfr23                                       sfr23        00000
__Hsfr24                                       sfr24        00000
__Hsfr25                                       sfr25        00000
__Hsfr26                                       sfr26        00000
__Hsfr27                                       sfr27        00000
__Hsfr28                                       sfr28        00000
__Hsfr29                                       sfr29        00000
__Hsfr3                                        sfr3         00000
__Hsfr30                                       sfr30        00000
__Hsfr31                                       sfr31        00000
__Hsfr4                                        sfr4         00000
__Hsfr5                                        sfr5         00000
__Hsfr6                                        sfr6         00000
__Hsfr7                                        sfr7         00000
__Hsfr8                                        sfr8         00000
__Hsfr9                                        sfr9         00000
__Hspace_0                                     (abs)        01A77
__Hspace_1                                     (abs)        001DF
__Hspace_2                                     (abs)        00000
__Hspace_3                                     (abs)        00000
__Hspace_4                                     (abs)        10010
__Hstack                                       stack        00000
__Hstrings                                     strings      00000
__Hstringtext1                                 stringtext1  00000
__Hstringtext10                                stringtext10 00000
__Hstringtext11                                stringtext11 00000
__Hstringtext12                                stringtext12 00000
__Hstringtext13                                stringtext13 00000
__Hstringtext14                                stringtext14 00000
__Hstringtext15                                stringtext15 00000
__Hstringtext16                                stringtext16 00000
__Hstringtext17                                stringtext17 00000
__Hstringtext18                                stringtext18 00000
__Hstringtext19                                stringtext19 00000
__Hstringtext2                                 stringtext2  00000
__Hstringtext20                                stringtext20 00000
__Hstringtext21                                stringtext21 00000
__Hstringtext22                                stringtext22 00000
__Hstringtext23                                stringtext23 00000
__Hstringtext24                                stringtext24 00000
__Hstringtext25                                stringtext25 00000
__Hstringtext26                                stringtext26 00000
__Hstringtext27                                stringtext27 00000
__Hstringtext28                                stringtext28 00000
__Hstringtext29                                stringtext29 00000
__Hstringtext3                                 stringtext3  00000
__Hstringtext30                                stringtext30 00000
__Hstringtext31                                stringtext31 00000
__Hstringtext32                                stringtext32 00000
__Hstringtext33                                stringtext33 00000
__Hstringtext34                                stringtext34 00000
__Hstringtext35                                stringtext35 00000
__Hstringtext36                                stringtext36 00000
__Hstringtext37                                stringtext37 00000
__Hstringtext38                                stringtext38 00000
__Hstringtext39                                stringtext39 00000
__Hstringtext4                                 stringtext4  00000
__Hstringtext40                                stringtext40 00000
__Hstringtext41                                stringtext41 00000
__Hstringtext42                                stringtext42 00000
__Hstringtext43                                stringtext43 00000
__Hstringtext44                                stringtext44 00000
__Hstringtext45                                stringtext45 00000
__Hstringtext46                                stringtext46 00000
__Hstringtext5                                 stringtext5  00000
__Hstringtext6                                 stringtext6  00000
__Hstringtext7                                 stringtext7  00000
__Hstringtext8                                 stringtext8  00000
__Hstringtext9                                 stringtext9  00000
__Htext                                        text         00000
__Labs1                                        abs1         00000
__Lbank0                                       bank0        00000
__Lbank1                                       bank1        00000
__Lbank10                                      bank10       00000
__Lbank11                                      bank11       00000
__Lbank12                                      bank12       00000
__Lbank13                                      bank13       00000
__Lbank14                                      bank14       00000
__Lbank15                                      bank15       00000
__Lbank16                                      bank16       00000
__Lbank17                                      bank17       00000
__Lbank18                                      bank18       00000
__Lbank19                                      bank19       00000
__Lbank2                                       bank2        00000
__Lbank20                                      bank20       00000
__Lbank21                                      bank21       00000
__Lbank22                                      bank22       00000
__Lbank23                                      bank23       00000
__Lbank24                                      bank24       00000
__Lbank25                                      bank25       00000
__Lbank26                                      bank26       00000
__Lbank27                                      bank27       00000
__Lbank28                                      bank28       00000
__Lbank29                                      bank29       00000
__Lbank3                                       bank3        00000
__Lbank30                                      bank30       00000
__Lbank31                                      bank31       00000
__Lbank4                                       bank4        00000
__Lbank5                                       bank5        00000
__Lbank6                                       bank6        00000
__Lbank7                                       bank7        00000
__Lbank8                                       bank8        00000
__Lbank9                                       bank9        00000
__Lbigram                                      bigram       00000
__LbssBANK0                                    bssBANK0     00000
__LbssBANK1                                    bssBANK1     00000
__LbssBANK2                                    bssBANK2     00000
__LbssBANK3                                    bssBANK3     00000
__LbssCOMMON                                   bssCOMMON    00000
__Lcinit                                       cinit        0004C
__Lclrtext                                     clrtext      00000
__Lcode                                        code         00000
__Lcommon                                      common       00000
__Lconfig                                      config       00000
__LcstackBANK0                                 cstackBANK0  00000
__LcstackBANK1                                 cstackBANK1  00000
__LcstackBANK3                                 cstackBANK3  00000
__LcstackCOMMON                                cstackCOMMON 00000
__LdataBANK1                                   dataBANK1    00000
__LdataBANK2                                   dataBANK2    00000
__Leeprom_data                                 eeprom_data  00000
__Lend_init                                    end_init     0004A
__Lfunctab                                     functab      00000
__LidataBANK1                                  idataBANK1   00000
__LidataBANK2                                  idataBANK2   00000
__Lidloc                                       idloc        00000
__Linit                                        init         0004A
__Linittext                                    inittext     00000
__Lintentry                                    intentry     00004
__Lmaintext                                    maintext     00000
__Lpowerup                                     powerup      00000
__Lram                                         ram          00000
__Lreset_vec                                   reset_vec    00000
__Lsfr0                                        sfr0         00000
__Lsfr1                                        sfr1         00000
__Lsfr10                                       sfr10        00000
__Lsfr11                                       sfr11        00000
__Lsfr12                                       sfr12        00000
__Lsfr13                                       sfr13        00000
__Lsfr14                                       sfr14        00000
__Lsfr15                                       sfr15        00000
__Lsfr16                                       sfr16        00000
__Lsfr17                                       sfr17        00000
__Lsfr18                                       sfr18        00000
__Lsfr19                                       sfr19        00000
__Lsfr2                                        sfr2         00000
__Lsfr20                                       sfr20        00000
__Lsfr21                                       sfr21        00000
__Lsfr22                                       sfr22        00000
__Lsfr23                                       sfr23        00000
__Lsfr24                                       sfr24        00000
__Lsfr25                                       sfr25        00000
__Lsfr26                                       sfr26        00000
__Lsfr27                                       sfr27        00000
__Lsfr28                                       sfr28        00000
__Lsfr29                                       sfr29        00000
__Lsfr3                                        sfr3         00000
__Lsfr30                                       sfr30        00000
__Lsfr31                                       sfr31        00000
__Lsfr4                                        sfr4         00000
__Lsfr5                                        sfr5         00000
__Lsfr6                                        sfr6         00000
__Lsfr7                                        sfr7         00000
__Lsfr8                                        sfr8         00000
__Lsfr9                                        sfr9         00000
__Lspace_0                                     (abs)        00000
[...]
__size_of_modeBP                               (abs)        00000
__size_of_okAlert                              (abs)        00000
__size_of_printf                               (abs)        00000
__size_of_putch                                (abs)        00000
__size_of_rasAlimention                        (abs)        00000
__size_of_rd1RegCompleteHandler                (abs)        00000
__size_of_rd2RegCompleteHandler                (abs)        00000
__size_of_rdBlkRegCompleteHandler              (abs)        00000
__size_of_reponseOperateur                     (abs)        00000
__size_of_sortieErreur                         (abs)        00000
__size_of_startAlert                           (abs)        00000
__size_of_strcat                               (abs)        00000
__size_of_strcpy                               (abs)        00000
__size_of_strlen                               (abs)        00000
__size_of_strncpy                              (abs)        00000
__size_of_testCP                               (abs)        00000
__size_of_testFermeture                        (abs)        00000
__size_of_testNOK                              (abs)        00000
__size_of_testOK                               (abs)        00000
__size_of_vfpfcnvrt                            (abs)        00000
__size_of_vfprintf                             (abs)        00000
__size_of_wr1RegCompleteHandler                (abs)        00000
__size_of_wr2RegCompleteHandler                (abs)        00000
_activerBP                                     text15       01465
_activerBuzzer                                 text36       0171E
_activerReed                                   text42       01431
_alerteDefaut                                  text21       00371
_alerteDefaut$2852                             cstackBANK3  001DE
_attenteAquittement                            text7        003E7
_attenteDemarrage                              text19       0049A
_attenteOK                                     text18       01381
_debloquerCPs                                  text13       01776
_displayManager                                text37       004EE
_errorAlert                                    text35       00587
_eusartRxBuffer                                bssBANK2     00146
_eusartRxCount                                 bssBANK0     00057
_eusartRxHead                                  bssBANK0     00059
_eusartRxLastError                             bssBANK1     000D1
_eusartRxStatusBuffer                          bssBANK2     0013E
_eusartRxTail                                  bssBANK0     00058
_eusartTxBuffer                                bssBANK2     0014E
_eusartTxBufferRemaining                       bssBANK0     0005A
_eusartTxHead                                  bssBANK0     0005C
_eusartTxTail                                  bssBANK0     0005B
_flags                                         bssBANK1     000C1
_fputc                                         text29       0065B
_i2c_add                                       bssBANK0     00056
_i2c_fsmStateTable                             stringtext1  01000
_initialConditions                             text6        0071B
_ledConforme                                   text34       0143E
_ledNonConforme                                text33       0144B
_ledProgession                                 text32       01458
_ledsAlerte                                    text2        01472
_main                                          maintext     00829
_modeBP                                        text14       0147F
_nout                                          bssBANK1     000BD
_okAlert                                       text11       01666
_prec                                          bssBANK1     000BF
_printf                                        text26       014F2
_putch                                         text30       0139A
_rasAlimention                                 text25       013A1
_rd1RegCompleteHandler                         text100      014BF
_rd2RegCompleteHandler                         text99       014D0
_rdBlkRegCompleteHandler                       text97       01586
_reponseOperateur                              text8        00082
_sortieErreur                                  text5        0053F
_startAlert                                    text12       00803
_strcat                                        text22       0156F
_strcpy                                        text24       01687
_strlen                                        text23       015B9
_strncpy                                       text4        006DD
_testCP                                        text3        007DB
_testFermeture                                 text1        00172
_testNOK                                       text10       015D4
_testOK                                        text9        015EF
_vfpfcnvrt                                     text28       00239
_vfprintf                                      text27       0074C
_width                                         bssBANK2     00156
_wr1RegCompleteHandler                         text98       014E1
_wr2RegCompleteHandler                         text101      014AE
activerBP@active                               cstackBANK0  00023
activerBuzzer@i                                cstackBANK0  00024
activerReed@active                             cstackBANK0  00023
alerteDefaut@F3715                             dataBANK2    00120
alerteDefaut@F3717                             dataBANK2    00134
alerteDefaut@eol                               cstackBANK3  001D4
alerteDefaut@error                             cstackBANK3  001C0
alerteDefaut@etape                             cstackBANK0  00043
alerteDefaut@testAct                           cstackBANK0  00045
alerteDefaut@testVoy                           cstackBANK0  00046
attenteAquittement@autom                       cstackBANK0  00043
attenteAquittement@reception                   cstackBANK0  00049
attenteAquittement@repOperateur                cstackBANK0  0004A
attenteAquittement@testAct                     cstackBANK0  00045
attenteDemarrage@autom                         cstackBANK0  00048
attenteDemarrage@reception                     cstackBANK0  00046
attenteDemarrage@repOperateur                  cstackBANK0  00047
attenteDemarrage@testAct                       cstackBANK0  00043
btemp                                          (abs)        0007E
clear_ram0                                     clrtext      01387
displayManager@s1                              cstackBANK0  0002E
displayManager@s2                              cstackBANK0  00030
displayManager@s3                              cstackBANK0  00032
displayManager@s4                              cstackBANK0  00034
end_of_initialization                          cinit        0007E
errorAlert@i                                   cstackBANK0  0002A
errorAlert@j                                   cstackBANK0  00028
fputc@c                                        cstackBANK0  00026
fputc@fp                                       cstackBANK0  00028
init_ram                                       inittext     0138D
initialConditions@autom                        cstackBANK0  00047
initialConditions@testAct                      cstackBANK0  00043
initialConditions@testVoy                      cstackBANK0  00045
int$flags                                      (abs)        0007E
intlevel0                                      functab      00000
intlevel1                                      functab      00000
intlevel2                                      functab      00000
intlevel3                                      functab      00000
intlevel4                                      functab      00000
intlevel5                                      functab      00000
ledConforme@active                             cstackBANK0  00023
ledNonConforme@active                          cstackBANK0  00023
ledProgession@active                           cstackBANK0  00023
main@automatique                               cstackBANK1  000EC
main@cps                                       cstackBANK1  000E9
main@erreurCPs                                 cstackBANK1  000E8
main@messageDefautCP                           cstackBANK1  000D2
main@tentatives                                cstackBANK1  000E6
main@testActif                                 cstackBANK1  000EE
main@testVoyants                               cstackBANK1  000ED
main@timeout                                   cstackBANK1  000EB
modeBP@active                                  cstackBANK0  00023
okAlert@i                                      cstackBANK0  00044
printf@ap                                      cstackBANK0  00042
printf@fmt                                     cstackBANK0  0003F
putch@txData                                   cstackBANK0  00025
rd1RegCompleteHandler@ptr                      cstackCOMMON 00079
rd2RegCompleteHandler@ptr                      cstackCOMMON 00079
rdBlkRegCompleteHandler@ptr                    cstackCOMMON 00079
reponseOperateur@automatique                   cstackBANK0  00029
reponseOperateur@reception                     cstackBANK0  00028
reponseOperateur@repOperateur                  cstackBANK0  0002F
reponseOperateur@reponse                       cstackBANK0  0002E
reponseOperateur@tempo                         cstackBANK0  0002A
reponseOperateur@time                          cstackBANK0  00025
reset_vec                                      reset_vec    00000
sortieErreur@autom                             cstackBANK0  00053
sortieErreur@testAct                           cstackBANK0  0004B
sortieErreur@testVoy                           cstackBANK0  0004C
start                                          init         0004A
startAlert@i                                   cstackBANK0  00028
start_initialization                           cinit        0004C
strcat@dest                                    cstackBANK0  00034
strcat@src                                     cstackBANK0  00030
strcpy@d                                       cstackBANK0  0002E
strcpy@dest                                    cstackBANK0  0002F
strcpy@s                                       cstackBANK0  0002C
strcpy@src                                     cstackBANK0  00028
strlen@a                                       cstackBANK0  00026
strlen@s                                       cstackBANK0  00027
strncpy@cp                                     cstackBANK0  0002A
strncpy@d                                      cstackBANK0  00029
strncpy@n                                      cstackBANK0  00025
strncpy@s                                      cstackBANK0  00023
testCP@result                                  cstackBANK0  00025
testFermeture@active                           cstackBANK0  00026
testFermeture@erreur                           cstackBANK0  0002A
testFermeture@nbrErreurs                       cstackBANK0  00028
testFermeture@result                           cstackBANK0  00027
testNOK@active                                 cstackBANK0  00024
testNOK@result                                 cstackBANK0  00023
testOK@active                                  cstackBANK0  00024
testOK@result                                  cstackBANK0  00023
vfpfcnvrt@ap                                   cstackBANK0  0002F
vfpfcnvrt@fmt                                  cstackBANK0  0002E
vfpfcnvrt@fp                                   cstackBANK0  00036
vfpfcnvrt@vp                                   cstackBANK0  00035
vfprintf@ap                                    cstackBANK0  00039
vfprintf@cfmt                                  cstackBANK0  0003D
vfprintf@fmt                                   cstackBANK0  00037
vfprintf@fp                                    cstackBANK0  0003C
wr1RegCompleteHandler@ptr                      cstackCOMMON 00079
wr2RegCompleteHandler@ptr                      cstackCOMMON 00079
wtemp0                                         (abs)        0007E


MODULE INFORMATION

Module		Function		Class		Link	Load	Size
C:\Program Files\Microchip\xc8\v2.32\pic\sources\c99\common\doprnt.c
		_vfpfcnvrt     		CODE           	0239	0000	173
		_vfprintf      		CODE           	074C	0000	49

C:\Program Files\Microchip\xc8\v2.32\pic\sources\c99\common\doprnt.c estimated size: 222

mcc_generated_files/interrupt_manager.c
		_INTERRUPT_InterruptManager		CODE           	0004	0000	70

mcc_generated_files/interrupt_manager.c estimated size: 70

mcc_generated_files/examples/i2c_master_example.c
		_wr1RegCompleteHandler		CODE           	14E1	0000	17
		_wr2RegCompleteHandler		CODE           	14AE	0000	17
		_rdBlkRegCompleteHandler		CODE           	1586	0000	24
		_rd1RegCompleteHandler		CODE           	14BF	0000	17
		_rd2RegCompleteHandler		CODE           	14D0	0000	17

mcc_generated_files/examples/i2c_master_example.c estimated size: 92

mcc_generated_files/pin_manager.c
		_PIN_MANAGER_Initialize		CODE           	1628	0000	31

mcc_generated_files/pin_manager.c estimated size: 31

mcc_generated_files/adc.c
		_ADC_Initialize		CODE           	13B0	0000	8

mcc_generated_files/adc.c estimated size: 8

shared
		__initialization		CODE           	004C	0000	50
		_i2c_fsmStateTable		STRCODE        	1000	0000	32

shared estimated size: 82

I2C_LCD.c
		_LCD_Init      		CODE           	02E6	0000	139
		_LCD_Write_4Bit		CODE           	152C	0000	22
		_LCD_Write_Char		CODE           	1558	0000	23
		_LCD_CMD       		CODE           	1542	0000	22
		_I2C_Master_Wait		CODE           	140C	0000	12
		_I2C_Master_Init		CODE           	1401	0000	11
		_I2C_Master_Stop		CODE           	137B	0000	6
		_LCD_Set_Cursor		CODE           	07AC	0000	47
		_LCD_Clear     		CODE           	13EE	0000	9
		_IO_Expander_Write		CODE           	1517	0000	21
		_I2C_Master_Write		CODE           	149E	0000	16
		_I2C_Master_Start		CODE           	1375	0000	6
		_LCD_Write_String		CODE           	1647	0000	31

I2C_LCD.c estimated size: 365

C:\Program Files\Microchip\xc8\v2.32\pic\sources\c99\common\strncpy.c
		_strncpy       		CODE           	06DD	0000	62

C:\Program Files\Microchip\xc8\v2.32\pic\sources\c99\common\strncpy.c estimated size: 62

mcc_generated_files/mcc.c
		_WDT_Initialize		CODE           	1325	0000	4
		_OSCILLATOR_Initialize		CODE           	1418	0000	12
		_SYSTEM_Initialize		CODE           	1504	0000	19

mcc_generated_files/mcc.c estimated size: 35

display.c
		_displayManager		CODE           	04EE	0000	81

display.c estimated size: 81

C:\Program Files\Microchip\xc8\v2.32\pic\sources\c99\common\strcat.c
		_strcat        		CODE           	156F	0000	23

C:\Program Files\Microchip\xc8\v2.32\pic\sources\c99\common\strcat.c estimated size: 23

mcc_generated_files/i2c_master.c
		_I2C_MasterStartRx		CODE           	1304	0000	3
		_I2C_DO_SEND_ADR_WRITE		CODE           	13A8	0000	8
		_I2C_DO_SEND_STOP		CODE           	1356	0000	5
		_I2C_MasterSendNack		CODE           	1315	0000	4
		_I2C_CallbackReturnStop		CODE           	12FC	0000	2
		_I2C_DO_SEND_ADR_READ		CODE           	13B8	0000	9
		_I2C_DO_RX_NACK_STOP		CODE           	1360	0000	5
		_I2C_DO_SEND_RESTART		CODE           	1351	0000	5
		_I2C_DO_RX     		CODE           	0615	0000	70
		_I2C_DO_TX     		CODE           	0445	0000	85
		_I2C_DO_IDLE   		CODE           	1342	0000	5
		_I2C_DO_RCEN   		CODE           	1393	0000	7
		_I2C_DO_RESET  		CODE           	136A	0000	5
		_I2C_DO_RX_ACK 		CODE           	135B	0000	5
		_I2C_MasterClearIrq		CODE           	0800	0000	3
		_I2C_MasterGetRxData		CODE           	1307	0000	3
		_I2C_SetCallback		CODE           	16CC	0000	38
		_I2C_DO_ADDRESS_NACK		CODE           	16F2	0000	44
		_I2C_MasterEnableRestart		CODE           	12FE	0000	3
		_I2C_CallbackReturnReset		CODE           	0002	0000	2
		_I2C_DO_TX_EMPTY		CODE           	17D1	0000	47
		_I2C_DO_SEND_RESTART_WRITE		CODE           	134C	0000	5
		_I2C_MasterIsNack		CODE           	136F	0000	6
		_I2C_SetDataCompleteCallback		CODE           	1424	0000	13
		_I2C_DO_RX_NACK_RESTART		CODE           	1365	0000	5
		_I2C_MasterSendAck		CODE           	1319	0000	4
		_I2C_MasterFsm 		CODE           	17A3	0000	46
		_I2C_MasterIsr 		CODE           	131D	0000	4
		_I2C_MasterSetIrq		CODE           	130A	0000	3
		_I2C_DO_SEND_RESTART_READ		CODE           	1347	0000	5
		_I2C_Initialize		CODE           	13F7	0000	10
		_I2C_SetBuffer 		CODE           	148E	0000	16
		_I2C_MasterSendTxData		CODE           	133D	0000	5
		_I2C_MasterStop		CODE           	1301	0000	3

mcc_generated_files/i2c_master.c estimated size: 483

mcc_generated_files/eusart.c
		_EUSART_SetRxInterruptHandler		CODE           	13DC	0000	9
		_EUSART_SetTxInterruptHandler		CODE           	13E5	0000	9
		_putch         		CODE           	139A	0000	7
		_EUSART_Read   		CODE           	077D	0000	47
		_EUSART_DefaultOverrunErrorHandler		CODE           	1311	0000	4
		_EUSART_Write  		CODE           	174A	0000	44
		_EUSART_DefaultErrorHandler		CODE           	130D	0000	4
		_EUSART_Transmit_ISR		CODE           	16A9	0000	35
		_EUSART_Initialize		CODE           	05CF	0000	70
		_EUSART_SetFramingErrorHandler		CODE           	13CA	0000	9
		_EUSART_SetErrorHandler		CODE           	13C1	0000	9
		_EUSART_SetOverrunErrorHandler		CODE           	13D3	0000	9
		_EUSART_Receive_ISR		CODE           	069C	0000	65
		_EUSART_RxDataHandler		CODE           	159E	0000	27
		_EUSART_DefaultFramingErrorHandler		CODE           	12FB	0000	1

mcc_generated_files/eusart.c estimated size: 349

C:\Program Files\Microchip\xc8\v2.32\pic\sources\c99\common\printf.c
		_printf        		CODE           	14F2	0000	18

C:\Program Files\Microchip\xc8\v2.32\pic\sources\c99\common\printf.c estimated size: 18

C:\Program Files\Microchip\xc8\v2.32\pic\sources\c99\common\nf_fputc.c
		_fputc         		CODE           	065B	0000	65

C:\Program Files\Microchip\xc8\v2.32\pic\sources\c99\common\nf_fputc.c estimated size: 65

tester.c
		_okAlert       		CODE           	1666	0000	33
		_alerteDefaut  		CODE           	0371	0000	118
		_initialConditions		CODE           	071B	0000	49
		_debloquerCPs  		CODE           	1776	0000	45
		_errorAlert    		CODE           	0587	0000	72
		_ledProgession 		CODE           	1458	0000	13
		_attenteAquittement		CODE           	03E7	0000	94
		_startAlert    		CODE           	0803	0000	38
		_TC_OFF        		CODE           	1331	0000	4
		_ledsAlerte    		CODE           	1472	0000	13
		_testCP        		CODE           	07DB	0000	36
		_TC48          		CODE           	132D	0000	4
		_modeBP        		CODE           	147F	0000	15
		_IN_OFF        		CODE           	1339	0000	4
		_IN48          		CODE           	1335	0000	4
		_attenteOK     		CODE           	1381	0000	6
		_testNOK       		CODE           	15D4	0000	27
		_ledConforme   		CODE           	143E	0000	13
		_attenteDemarrage		CODE           	049A	0000	84
		_ledNonConforme		CODE           	144B	0000	13
		_activerBP     		CODE           	1465	0000	13
		_rasAlimention 		CODE           	13A1	0000	7
		_activerReed   		CODE           	1431	0000	13
		_testFermeture 		CODE           	0172	0000	199
		_testOK        		CODE           	15EF	0000	27
		_TC12          		CODE           	1329	0000	4
		_activerBuzzer 		CODE           	171E	0000	44
		_sortieErreur  		CODE           	053F	0000	72
		_IN12          		CODE           	1321	0000	4
		_reponseOperateur		CODE           	0082	0000	240

tester.c estimated size: 1308

main.c
		_main          		CODE           	0829	0000	2007

main.c estimated size: 2007

C:\Program Files\Microchip\xc8\v2.32\pic\sources\c99\common\strlen.c
		_strlen        		CODE           	15B9	0000	27

C:\Program Files\Microchip\xc8\v2.32\pic\sources\c99\common\strlen.c estimated size: 27

C:\Program Files\Microchip\xc8\v2.32\pic\sources\c99\common\strcpy.c
		_strcpy        		CODE           	1687	0000	34

C:\Program Files\Microchip\xc8\v2.32\pic\sources\c99\common\strcpy.c estimated size: 34

