Microchip MPLAB XC8 Compiler V2.32

Linker command line:

-W-3 --edf=C:\Program Files\Microchip\xc8\v2.32\pic\dat\en_msgs.txt -cn \
  -h+dist/default/production\free-voltage.production.sym \
  --cmf=dist/default/production\free-voltage.production.cmf -z -Q16LF1939 \
  -oC:\Users\Michel\AppData\Local\Temp\xcAsod8.4 --defsym=__MPLAB_BUILD=1 \
  -Mdist/default/production/free-voltage.production.map -E1 \
  -ver=XC8 Compiler --acfsm=1493 -ASTACK=0212Fh-023EFh -pstack=STACK \
  -ACODE=00h-07FFhx8 -ASTRCODE=00h-03FFFh -ASTRING=00h-0FFhx64 \
  -ACONST=00h-0FFhx64 -AENTRY=00h-0FFhx64 -ACOMMON=070h-07Fh \
  -ABANK0=020h-06Fh -ABANK1=0A0h-0EFh -ABANK2=0120h-016Fh \
  -ABANK3=01A0h-01EFh -ABANK4=0220h-026Fh -ABANK5=02A0h-02EFh \
  -ABANK6=0320h-036Fh -ABANK7=03A0h-03EFh -ABANK8=0420h-046Fh \
  -ABANK9=04A0h-04EFh -ABANK10=0520h-056Fh -ABANK11=05A0h-05EFh \
  -ABANK12=0620h-064Fh -ABIGRAM=02000h-023EFh \
  -ARAM=020h-06Fh,0A0h-0EFh,0120h-016Fh,01A0h-01EFh,0220h-026Fh,02A0h-02EFh,0320h-036Fh,03A0h-03EFh,0420h-046Fh,04A0h-04EFh,0520h-056Fh,05A0h-05EFh,0620h-064Fh \
  -AABS1=020h-07Fh,0A0h-0EFh,0120h-016Fh,01A0h-01EFh,0220h-026Fh,02A0h-02EFh,0320h-036Fh,03A0h-03EFh,0420h-046Fh,04A0h-04EFh,0520h-056Fh,05A0h-05EFh,0620h-064Fh \
  -ASFR0=00h-01Fh -ASFR1=080h-09Fh -ASFR2=0100h-011Fh -ASFR3=0180h-019Fh \
  -ASFR4=0200h-021Fh -ASFR5=0280h-029Fh -ASFR6=0300h-031Fh \
  -ASFR7=0380h-039Fh -ASFR8=0400h-041Fh -ASFR9=0480h-049Fh \
  -ASFR10=0500h-051Fh -ASFR11=0580h-059Fh -ASFR12=0600h-061Fh \
  -ASFR13=0680h-06EFh -ASFR14=0700h-076Fh -ASFR15=0780h-07EFh \
  -ASFR16=0800h-086Fh -ASFR17=0880h-08EFh -ASFR18=0900h-096Fh \
  -ASFR19=0980h-09EFh -ASFR20=0A00h-0A6Fh -ASFR21=0A80h-0AEFh \
  -ASFR22=0B00h-0B6Fh -ASFR23=0B80h-0BEFh -ASFR24=0C00h-0C6Fh \
  -ASFR25=0C80h-0CEFh -ASFR26=0D00h-0D6Fh -ASFR27=0D80h-0DEFh \
  -ASFR28=0E00h-0E6Fh -ASFR29=0E80h-0EEFh -ASFR30=0F00h-0F6Fh \
  -ASFR31=0F80h-0FEFh -ACONFIG=08007h-08008h -DCONFIG=2 \
  -AIDLOC=08000h-08003h -DIDLOC=2 -AEEDATA=00h-0FFh/0F000h \
  -peeprom_data=EEDATA -DEEDATA=2 -DCODE=2 -DSTRCODE=2 -DSTRING=2 -DCONST=2 \
  -DENTRY=2 -preset_vec=00h,intentry=04h,init,end_init -ppowerup=CODE \
  -pcinit=CODE -pfunctab=ENTRY -k \
  C:\Users\Michel\AppData\Local\Temp\xcAsod8.o \
  dist/default/production\free-voltage.production.o 

Object code version is 3.11

Machine type is 16LF1939



                Name                               Link     Load   Length Selector   Space Scale
C:\Users\Michel\AppData\Local\Temp\xcAsod8.o
                end_init                             4A       4A        2        8       0
                reset_vec                             0        0        2        0       0
                config                             8007     8007        2        0       4
                idloc                              8000     8000        4        0       5
dist/default/production\free-voltage.production.o
                cinit                                4C       4C       36        8       0
                intentry                              4        4       46        8       0
                config                             8007     8007        2        0       4
                idloc                              8000     8000        4        0       5
                text111                            16F5     16F5       1B     2DEA       0
                text110                            1489     1489        4     2912       0
                text109                            1473     1473        1     28E6       0
                text108                            148D     148D        4     291A       0
                text107                             557      557       41        8       0
                text106                             808      808       23     1010       0
                text105                            1477     1477        3     28EE       0
                text104                            147A     147A        3     28F4       0
                text103                            15F5     15F5       10     2BEA       0
                text102                             7CA      7CA       26        8       0
                text101                            1598     1598        D     2B30       0
                text100                            1605     1605       11     2C0A       0
                text99                             1616     1616       11     2C2C       0
                text98                             1627     1627       11     2C4E       0
                text97                             1638     1638       11     2C70       0
                text96                             16DD     16DD       18     2DBA       0
                text95                             1475     1475        2     28EA       0
                text94                                2        2        2        0       0
                text93                             147D     147D        3     28FA       0
                text92                             1491     1491        4     2922       0
                text91                             1480     1480        3     2900       0
                text90                             1495     1495        4     292A       0
                text89                             14B9     14B9        5     2972       0
                text88                             14EB     14EB        6     29D6       0
                text87                             1483     1483        3     2906       0
                text86                              696      696       2F        8       0
                text85                             14BE     14BE        5     297C       0
                text84                             152C     152C        9     2A58       0
                text83                             1524     1524        8     2A48       0
                text82                              300      300       55        8       0
                text81                              4D0      4D0       46        8       0
                text80                             150F     150F        7     2A1E       0
                text79                             14C3     14C3        5     2986       0
                text78                             14C8     14C8        5     2990       0
                text77                             14CD     14CD        5     299A       0
                text76                             14D2     14D2        5     29A4       0
                text75                             14D7     14D7        5     29AE       0
                text74                             14DC     14DC        5     29B8       0
                text73                             14E1     14E1        5     29C2       0
                text72                             14E6     14E6        5     29CC       0
                text71                              778      778       2C        8       0
                text70                             1486     1486        3     290C       0
                text69                              6C5      6C5       2E        8       0
                text68                             1499     1499        4     2932       0
                text66                             1575     1575        B     2AEA       0
                text65                             149D     149D        4     293A       0
                text64                             1580     1580        C     2B00       0
                text63                             14F1     14F1        6     29E2       0
                text62                             14F7     14F7        6     29EE       0
                text61                              7F0      7F0       10        8       0
                text60                             166E     166E       15     2CDC       0
                text59                             1683     1683       16     2D06       0
                text58                             1699     1699       16     2D32       0
                text57                              12F      12F       8B        8       0
                text56                              800      800        8        8       0
                text55                             1535     1535        9     2A6A       0
                text54                             153E     153E        9     2A7C       0
                text53                             1547     1547        9     2A8E       0
                text52                             1550     1550        9     2AA0       0
                text51                             1559     1559        9     2AB2       0
                text50                              48A      48A       46        8       0
                text49                             156B     156B        A     2AD6       0
                text48                             158C     158C        C     2B18       0
                text47                             177F     177F       1F     2EFE       0
                text46                             14A1     14A1        4     2942       0
                text45                             165B     165B       13     2CB6       0
                text44                             14A5     14A5        4     294A       0
                text43                             14A9     14A9        4     2952       0
                text42                             14AD     14AD        4     295A       0
                text41                             15A5     15A5        D     2B4A       0
                text40                             1562     1562        9     2AC4       0
                text39                              667      667       2F        8       0
                text38                             16AF     16AF       17     2D5E       0
                text37                             179E     179E       1F     2F3C       0
                text36                              3A9      3A9       51        8       0
                text35                              74C      74C       2C        8       0
                text34                              442      442       48        8       0
                text33                             15B2     15B2        D     2B64       0
                text32                             15BF     15BF        D     2B7E       0
                text31                             15CC     15CC        D     2B98       0
                text30                              720      720       2C        8       0
                text29                             1516     1516        7     2A2C       0
                text28                              516      516       41        8       0
                text27                               82       82       AD        8       0
                text26                              607      607       31        8       0
                text25                             1649     1649       12     2C92       0
                text24                             151D     151D        7     2A3A       0
                text23                             17DE     17DE       22     2FBC       0
                text22                             1710     1710       1B     2E20       0
                text21                             16C6     16C6       17     2D8C       0
                text20                              232      232       70        8       0
                text19                              638      638       2F        8       0
                text18                              355      355       54        8       0
                text17                             14FD     14FD        6     29FA       0
                text16                             14B1     14B1        4     2962       0
                text15                             14B5     14B5        4     296A       0
                text14                             15D9     15D9        D     2BB2       0
                text13                             15E6     15E6        F     2BCC       0
                text12                              6F3      6F3       2D        8       0
                text11                              7A4      7A4       26        8       0
                text10                             17BD     17BD       21     2F7A       0
                text9                              172B     172B       1B     2E56       0
                text8                              1746     1746       1B     2E8C       0
                text7                               1BA      1BA       78        8       0
                text6                               2A2      2A2       5E        8       0
                text5                               5D6      5D6       31        8       0
                text4                               3FA      3FA       48        8       0
                text3                               598      598       3E        8       0
                text2                               84E      84E       24     109C       0
                text1                               82B      82B       23     1056       0
                maintext                            872      872      78E     10E4       0
                cstackBANK0                          20       20       36       20       1
                cstackCOMMON                         70       70        D       70       1
                cstackBANK1                          D2       D2       1C       A0       1
                cstackBANK3                         1C0      1C0       1F      1A0       1
                clrtext                            1503     1503        6     2A06       0
                inittext                           1509     1509        6     2A12       0
                bssBANK3                            1A0      1A0       20      1A0       1
                dataBANK2                           120      120       1E      120       1
                bssBANK2                            13E      13E       1A      120       1
                dataBANK1                            EE       EE        1       A0       1
                bssBANK1                             A0       A0       32       A0       1
                bssBANK0                             56       56        7       20       1
                bssCOMMON                            7D       7D        1       70       1
                stringtext43                       1A57     1A57        8     3000       0
                stringtext42                       1A4F     1A4F        8     3000       0
                stringtext41                       1A47     1A47        8     3000       0
                stringtext40                       1A3F     1A3F        8     3000       0
                stringtext39                       1A37     1A37        8     3000       0
                stringtext38                       1A2F     1A2F        8     3000       0
                stringtext37                       1A27     1A27        8     3000       0
                stringtext36                       1A1F     1A1F        8     3000       0
                stringtext35                       1A17     1A17        8     3000       0
                stringtext34                       1A0F     1A0F        8     3000       0
                stringtext33                       1A06     1A06        9     3000       0
                stringtext32                       19FD     19FD        9     3000       0
                stringtext31                       19F4     19F4        9     3000       0
                stringtext30                       19EB     19EB        9     3000       0
                stringtext29                       19E2     19E2        9     3000       0
                stringtext28                       19D9     19D9        9     3000       0
                stringtext27                       19D0     19D0        9     3000       0
                stringtext26                       19C7     19C7        9     3000       0
                stringtext25                       19BB     19BB        C     3000       0
                stringtext24                       19AE     19AE        D     3000       0
                stringtext23                       19A1     19A1        D     3000       0
                stringtext22                       1993     1993        E     3000       0
                stringtext21                       1984     1984        F     3000       0
                stringtext20                       1974     1974       10     3000       0
                stringtext19                       1963     1963       11     3000       0
                stringtext18                       1952     1952       11     3000       0
                stringtext17                       1941     1941       11     3000       0
                stringtext16                       192F     192F       12     3000       0
                stringtext15                       191D     191D       12     3000       0
                stringtext14                       190B     190B       12     3000       0
                stringtext13                       18F9     18F9       12     3000       0
                stringtext12                       18E7     18E7       12     3000       0
                stringtext11                       18D5     18D5       12     3000       0
                stringtext10                       18C2     18C2       13     3000       0
                stringtext9                        18AF     18AF       13     3000       0
                stringtext8                        189C     189C       13     3000       0
                stringtext7                        1887     1887       15     3000       0
                stringtext6                        1872     1872       15     3000       0
                stringtext5                        185B     185B       17     3000       0
                stringtext4                        1841     1841       1A     3000       0
                stringtext3                        1821     1821       20     3000       0
                stringtext2                        1800     1800       21     3000       0
                stringtext1                        1000     1000       4A     2000       0
                idataBANK2                         1761     1761       1E     2EC2       0
                idataBANK1                         1474     1474        1     28E8       0

TOTAL           Name                               Link     Load   Length     Space
        CLASS   STACK          

        CLASS   CODE           
                end_init                             4A       4A        2         0
                cinit                                4C       4C       36         0
                intentry                              4        4       46         0
                reset_vec                             0        0        2         0
                text111                            16F5     16F5       1B         0
                text110                            1489     1489        4         0
                text109                            1473     1473        1         0
                text108                            148D     148D        4         0
                text107                             557      557       41         0
                text106                             808      808       23         0
                text105                            1477     1477        3         0
                text104                            147A     147A        3         0
                text103                            15F5     15F5       10         0
                text102                             7CA      7CA       26         0
                text101                            1598     1598        D         0
                text100                            1605     1605       11         0
                text99                             1616     1616       11         0
                text98                             1627     1627       11         0
                text97                             1638     1638       11         0
                text96                             16DD     16DD       18         0
                text95                             1475     1475        2         0
                text94                                2        2        2         0
                text93                             147D     147D        3         0
                text92                             1491     1491        4         0
                text91                             1480     1480        3         0
                text90                             1495     1495        4         0
                text89                             14B9     14B9        5         0
                text88                             14EB     14EB        6         0
                text87                             1483     1483        3         0
                text86                              696      696       2F         0
                text85                             14BE     14BE        5         0
                text84                             152C     152C        9         0
                text83                             1524     1524        8         0
                text82                              300      300       55         0
                text81                              4D0      4D0       46         0
                text80                             150F     150F        7         0
                text79                             14C3     14C3        5         0
                text78                             14C8     14C8        5         0
                text77                             14CD     14CD        5         0
                text76                             14D2     14D2        5         0
                text75                             14D7     14D7        5         0
                text74                             14DC     14DC        5         0
                text73                             14E1     14E1        5         0
                text72                             14E6     14E6        5         0
                text71                              778      778       2C         0
                text70                             1486     1486        3         0
                text69                              6C5      6C5       2E         0
                text68                             1499     1499        4         0
                text66                             1575     1575        B         0
                text65                             149D     149D        4         0
                text64                             1580     1580        C         0
                text63                             14F1     14F1        6         0
                text62                             14F7     14F7        6         0
                text61                              7F0      7F0       10         0
                text60                             166E     166E       15         0
                text59                             1683     1683       16         0
                text58                             1699     1699       16         0
                text57                              12F      12F       8B         0
                text56                              800      800        8         0
                text55                             1535     1535        9         0
                text54                             153E     153E        9         0
                text53                             1547     1547        9         0
                text52                             1550     1550        9         0
                text51                             1559     1559        9         0
                text50                              48A      48A       46         0
                text49                             156B     156B        A         0
                text48                             158C     158C        C         0
                text47                             177F     177F       1F         0
                text46                             14A1     14A1        4         0
                text45                             165B     165B       13         0
                text44                             14A5     14A5        4         0
                text43                             14A9     14A9        4         0
                text42                             14AD     14AD        4         0
                text41                             15A5     15A5        D         0
                text40                             1562     1562        9         0
                text39                              667      667       2F         0
                text38                             16AF     16AF       17         0
                text37                             179E     179E       1F         0
                text36                              3A9      3A9       51         0
                text35                              74C      74C       2C         0
                text34                              442      442       48         0
                text33                             15B2     15B2        D         0
                text32                             15BF     15BF        D         0
                text31                             15CC     15CC        D         0
                text30                              720      720       2C         0
                text29                             1516     1516        7         0
                text28                              516      516       41         0
                text27                               82       82       AD         0
                text26                              607      607       31         0
                text25                             1649     1649       12         0
                text24                             151D     151D        7         0
                text23                             17DE     17DE       22         0
                text22                             1710     1710       1B         0
                text21                             16C6     16C6       17         0
                text20                              232      232       70         0
                text19                              638      638       2F         0
                text18                              355      355       54         0
                text17                             14FD     14FD        6         0
                text16                             14B1     14B1        4         0
                text15                             14B5     14B5        4         0
                text14                             15D9     15D9        D         0
                text13                             15E6     15E6        F         0
                text12                              6F3      6F3       2D         0
                text11                              7A4      7A4       26         0
                text10                             17BD     17BD       21         0
                text9                              172B     172B       1B         0
                text8                              1746     1746       1B         0
                text7                               1BA      1BA       78         0
                text6                               2A2      2A2       5E         0
                text5                               5D6      5D6       31         0
                text4                               3FA      3FA       48         0
                text3                               598      598       3E         0
                text2                               84E      84E       24         0
                text1                               82B      82B       23         0
                maintext                            872      872      78E         0
                clrtext                            1503     1503        6         0
                inittext                           1509     1509        6         0
                idataBANK2                         1761     1761       1E         0
                idataBANK1                         1474     1474        1         0

        CLASS   STRCODE        
                stringtext43                       1A57     1A57        8         0
                stringtext42                       1A4F     1A4F        8         0
                stringtext41                       1A47     1A47        8         0
                stringtext40                       1A3F     1A3F        8         0
                stringtext39                       1A37     1A37        8         0
                stringtext38                       1A2F     1A2F        8         0
                stringtext37                       1A27     1A27        8         0
                stringtext36                       1A1F     1A1F        8         0
                stringtext35                       1A17     1A17        8         0
                stringtext34                       1A0F     1A0F        8         0
                stringtext33                       1A06     1A06        9         0
                stringtext32                       19FD     19FD        9         0
                stringtext31                       19F4     19F4        9         0
                stringtext30                       19EB     19EB        9         0
                stringtext29                       19E2     19E2        9         0
                stringtext28                       19D9     19D9        9         0
                stringtext27                       19D0     19D0        9         0
                stringtext26                       19C7     19C7        9         0
                stringtext25                       19BB     19BB        C         0
                stringtext24                       19AE     19AE        D         0
                stringtext23                       19A1     19A1        D         0
                stringtext22                       1993     1993        E         0
                stringtext21                       1984     1984        F         0
                stringtext20                       1974     1974       10         0
                stringtext19                       1963     1963       11         0
                stringtext18                       1952     1952       11         0
                stringtext17                       1941     1941       11         0
                stringtext16                       192F     192F       12         0
                stringtext15                       191D     191D       12         0
                stringtext14                       190B     190B       12         0
                stringtext13                       18F9     18F9       12         0
                stringtext12                       18E7     18E7       12         0
                stringtext11                       18D5     18D5       12         0
                stringtext10                       18C2     18C2       13         0
                stringtext9                        18AF     18AF       13         0
                stringtext8                        189C     189C       13         0
                stringtext7                        1887     1887       15         0
                stringtext6                        1872     1872       15         0
                stringtext5                        185B     185B       17         0
                stringtext4                        1841     1841       1A         0
                stringtext3                        1821     1821       20         0
                stringtext2                        1800     1800       21         0
                stringtext1                        1000     1000       4A         0

        CLASS   STRING         

        CLASS   CONST          

        CLASS   ENTRY          

        CLASS   COMMON         
                cstackCOMMON                         70       70        D         1
                bssCOMMON                            7D       7D        1         1

        CLASS   BANK0          
                cstackBANK0                          20       20       36         1
                bssBANK0                             56       56        7         1

        CLASS   BANK1          
                cstackBANK1                          D2       D2       1C         1
                dataBANK1                            EE       EE        1         1
                bssBANK1                             A0       A0       32         1

        CLASS   BANK2          
                dataBANK2                           120      120       1E         1
                bssBANK2                            13E      13E       1A         1

        CLASS   BANK3          
                cstackBANK3                         1C0      1C0       1F         1
                bssBANK3                            1A0      1A0       20         1

        CLASS   BANK4          

        CLASS   BANK5          

        CLASS   BANK6          

        CLASS   BANK7          

        CLASS   BANK8          

        CLASS   BANK9          

        CLASS   BANK10         

        CLASS   BANK11         

        CLASS   BANK12         

        CLASS   BIGRAM         

        CLASS   RAM            

        CLASS   ABS1           
                abs_s1                               7E       7E        2         1

        CLASS   SFR0           

        CLASS   SFR1           

        CLASS   SFR2           

        CLASS   SFR3           

        CLASS   SFR4           

        CLASS   SFR5           

        CLASS   SFR6           

        CLASS   SFR7           

        CLASS   SFR8           

        CLASS   SFR9           

        CLASS   SFR10          

        CLASS   SFR11          

        CLASS   SFR12          

        CLASS   SFR13          

        CLASS   SFR14          

        CLASS   SFR15          

        CLASS   SFR16          

        CLASS   SFR17          

        CLASS   SFR18          

        CLASS   SFR19          

        CLASS   SFR20          

        CLASS   SFR21          

        CLASS   SFR22          

        CLASS   SFR23          

        CLASS   SFR24          

        CLASS   SFR25          

        CLASS   SFR26          

        CLASS   SFR27          

        CLASS   SFR28          

        CLASS   SFR29          

        CLASS   SFR30          

        CLASS   SFR31          

        CLASS   CONFIG         
                config                             8007     8007        2         4

        CLASS   IDLOC          
                idloc                              8000     8000        4         5

        CLASS   EEDATA         

        CLASS   BANK31         

        CLASS   BANK30         

        CLASS   BANK29         

        CLASS   BANK28         

        CLASS   BANK27         

        CLASS   BANK26         

        CLASS   BANK25         

        CLASS   BANK24         

        CLASS   BANK23         

        CLASS   BANK22         

        CLASS   BANK21         

        CLASS   BANK20         

        CLASS   BANK19         

        CLASS   BANK18         

        CLASS   BANK17         

        CLASS   BANK16         

        CLASS   BANK15         

        CLASS   BANK14         

        CLASS   BANK13         



SEGMENTS        Name                           Load    Length   Top    Selector   Space  Class     Delta

                reset_vec                      000000  000004  000004         0       0  CODE        2
                intentry                       000004  000804  000808         8       0  CODE        2
                cstackBANK0                    000020  00003D  00005D        20       1  BANK0       1
                cstackCOMMON                   000070  00000E  00007E        70       1  COMMON      1
                bssBANK1                       0000A0  00004F  0000EF        A0       1  BANK1       1
                dataBANK2                      000120  000038  000158       120       1  BANK2       1
                bssBANK3                       0001A0  00003F  0001DF       1A0       1  BANK3       1
                text106                        000808  000023  00082B      1010       0  CODE        2
                text1                          00082B  000023  00084E      1056       0  CODE        2
                text2                          00084E  000024  000872      109C       0  CODE        2
                maintext                       000872  00078E  001000      10E4       0  CODE        2
                stringtext1                    001000  00004A  00104A      2000       0  STRCODE     2
                text109                        001473  000001  001474      28E6       0  CODE        2
                idataBANK1                     001474  000001  001475      28E8       0  CODE        2
                text95                         001475  000002  001477      28EA       0  CODE        2
                text105                        001477  000003  00147A      28EE       0  CODE        2
                text104                        00147A  000003  00147D      28F4       0  CODE        2
                text93                         00147D  000003  001480      28FA       0  CODE        2
                text91                         001480  000003  001483      2900       0  CODE        2
                text87                         001483  000003  001486      2906       0  CODE        2
                text70                         001486  000003  001489      290C       0  CODE        2
                text110                        001489  000004  00148D      2912       0  CODE        2
                text108                        00148D  000004  001491      291A       0  CODE        2
                text92                         001491  000004  001495      2922       0  CODE        2
                text90                         001495  000004  001499      292A       0  CODE        2
                text68                         001499  000004  00149D      2932       0  CODE        2
                text65                         00149D  000004  0014A1      293A       0  CODE        2
                text46                         0014A1  000004  0014A5      2942       0  CODE        2
                text44                         0014A5  000004  0014A9      294A       0  CODE        2
                text43                         0014A9  000004  0014AD      2952       0  CODE        2
                text42                         0014AD  000004  0014B1      295A       0  CODE        2
                text16                         0014B1  000004  0014B5      2962       0  CODE        2
                text15                         0014B5  000004  0014B9      296A       0  CODE        2
                text89                         0014B9  000005  0014BE      2972       0  CODE        2
                text85                         0014BE  000005  0014C3      297C       0  CODE        2
                text79                         0014C3  000005  0014C8      2986       0  CODE        2
                text78                         0014C8  000005  0014CD      2990       0  CODE        2
                text77                         0014CD  000005  0014D2      299A       0  CODE        2
                text76                         0014D2  000005  0014D7      29A4       0  CODE        2
                text75                         0014D7  000005  0014DC      29AE       0  CODE        2
                text74                         0014DC  000005  0014E1      29B8       0  CODE        2
                text73                         0014E1  000005  0014E6      29C2       0  CODE        2
                text72                         0014E6  000005  0014EB      29CC       0  CODE        2
                text88                         0014EB  000006  0014F1      29D6       0  CODE        2
                text63                         0014F1  000006  0014F7      29E2       0  CODE        2
                text62                         0014F7  000006  0014FD      29EE       0  CODE        2
                text17                         0014FD  000006  001503      29FA       0  CODE        2
                clrtext                        001503  000006  001509      2A06       0  CODE        2
                inittext                       001509  000006  00150F      2A12       0  CODE        2
                text80                         00150F  000007  001516      2A1E       0  CODE        2
                text29                         001516  000007  00151D      2A2C       0  CODE        2
                text24                         00151D  000007  001524      2A3A       0  CODE        2
                text83                         001524  000008  00152C      2A48       0  CODE        2
                text84                         00152C  000009  001535      2A58       0  CODE        2
                text55                         001535  000009  00153E      2A6A       0  CODE        2
                text54                         00153E  000009  001547      2A7C       0  CODE        2
                text53                         001547  000009  001550      2A8E       0  CODE        2
                text52                         001550  000009  001559      2AA0       0  CODE        2
                text51                         001559  000009  001562      2AB2       0  CODE        2
                text40                         001562  000009  00156B      2AC4       0  CODE        2
                text49                         00156B  00000A  001575      2AD6       0  CODE        2
                text66                         001575  00000B  001580      2AEA       0  CODE        2
                text64                         001580  00000C  00158C      2B00       0  CODE        2
                text48                         00158C  00000C  001598      2B18       0  CODE        2
                text101                        001598  00000D  0015A5      2B30       0  CODE        2
                text41                         0015A5  00000D  0015B2      2B4A       0  CODE        2
                text33                         0015B2  00000D  0015BF      2B64       0  CODE        2
                text32                         0015BF  00000D  0015CC      2B7E       0  CODE        2
                text31                         0015CC  00000D  0015D9      2B98       0  CODE        2
                text14                         0015D9  00000D  0015E6      2BB2       0  CODE        2
                text13                         0015E6  00000F  0015F5      2BCC       0  CODE        2
                text103                        0015F5  000010  001605      2BEA       0  CODE        2
                text100                        001605  000011  001616      2C0A       0  CODE        2
                text99                         001616  000011  001627      2C2C       0  CODE        2
                text98                         001627  000011  001638      2C4E       0  CODE        2
                text97                         001638  000011  001649      2C70       0  CODE        2
                text25                         001649  000012  00165B      2C92       0  CODE        2
                text45                         00165B  000013  00166E      2CB6       0  CODE        2
                text60                         00166E  000015  001683      2CDC       0  CODE        2
                text59                         001683  000016  001699      2D06       0  CODE        2
                text58                         001699  000016  0016AF      2D32       0  CODE        2
                text38                         0016AF  000017  0016C6      2D5E       0  CODE        2
                text21                         0016C6  000017  0016DD      2D8C       0  CODE        2
                text96                         0016DD  000018  0016F5      2DBA       0  CODE        2
                text111                        0016F5  00001B  001710      2DEA       0  CODE        2
                text22                         001710  00001B  00172B      2E20       0  CODE        2
                text9                          00172B  00001B  001746      2E56       0  CODE        2
                text8                          001746  00001B  001761      2E8C       0  CODE        2
                idataBANK2                     001761  00001E  00177F      2EC2       0  CODE        2
                text47                         00177F  00001F  00179E      2EFE       0  CODE        2
                text37                         00179E  00001F  0017BD      2F3C       0  CODE        2
                text10                         0017BD  000021  0017DE      2F7A       0  CODE        2
                text23                         0017DE  000022  001800      2FBC       0  CODE        2
                stringtext2                    001800  00025F  001A5F      3000       0  STRCODE     2


UNUSED ADDRESS RANGES

        Name                Unused          Largest block    Delta
        BANK0            0005D-0006F              13           1
        BANK1            000EF-000EF               1           1
        BANK10           00520-0056F              50           1
        BANK11           005A0-005EF              50           1
        BANK12           00620-0064F              30           1
        BANK2            00158-0016F              18           1
        BANK3            001DF-001EF              11           1
        BANK4            00220-0026F              50           1
        BANK5            002A0-002EF              50           1
        BANK6            00320-0036F              50           1
        BANK7            003A0-003EF              50           1
        BANK8            00420-0046F              50           1
        BANK9            004A0-004EF              50           1
        BIGRAM           02000-023EF             3F0           1
        CODE             0104A-01472             429           2
                         01A5F-03FFF             800
        CONST            0104A-01472             100           2
                         01A5F-03FFF             100
        EEDATA           0F000-0F0FF             100           2
        ENTRY            0104A-01472             100           2
                         01A5F-03FFF             100
        RAM              0005D-0006F              13           1
                         000EF-000EF               1
                         00158-0016F              18
                         001DF-001EF              11
                         00220-0026F              50
                         002A0-002EF              50
                         00320-0036F              50
                         003A0-003EF              50
                         00420-0046F              50
                         004A0-004EF              50
                         00520-0056F              50
                         005A0-005EF              50
                         00620-0064F              30
        SFR0             00000-0001F              20           1
        SFR1             00080-0009F              20           1
        SFR10            00500-0051F              20           1
        SFR11            00580-0059F              20           1
        SFR12            00600-0061F              20           1
        SFR13            00680-006EF              70           1
        SFR14            00700-0076F              70           1
        SFR15            00780-007EF              70           1
        SFR16            00800-0086F              70           1
        SFR17            00880-008EF              70           1
        SFR18            00900-0096F              70           1
        SFR19            00980-009EF              70           1
        SFR2             00100-0011F              20           1
        SFR20            00A00-00A6F              70           1
        SFR21            00A80-00AEF              70           1
        SFR22            00B00-00B6F              70           1
        SFR23            00B80-00BEF              70           1
        SFR24            00C00-00C6F              70           1
        SFR25            00C80-00CEF              70           1
        SFR26            00D00-00D6F              70           1
        SFR27            00D80-00DEF              70           1
        SFR28            00E00-00E6F              70           1
        SFR29            00E80-00EEF              70           1
        SFR3             00180-0019F              20           1
        SFR30            00F00-00F6F              70           1
        SFR31            00F80-00FEF              70           1
        SFR4             00200-0021F              20           1
        SFR5             00280-0029F              20           1
        SFR6             00300-0031F              20           1
        SFR7             00380-0039F              20           1
        SFR8             00400-0041F              20           1
        SFR9             00480-0049F              20           1
        STACK            0212F-023EF             2C1           1
        STRCODE          0104A-01472             429           2
                         01A5F-03FFF            25A1
        STRING           0104A-01472             100           2
                         01A5F-03FFF             100

                                  Symbol Table

?_printf                                       cstackBANK0  0003F
?_strlen                                       cstackBANK0  00023
?_testCP                                       cstackBANK0  00023
?_vfpfcnvrt                                    cstackBANK0  0002E
?_vfprintf                                     cstackBANK0  00037
EUSART_Read@readValue                          cstackBANK0  00024
EUSART_SetErrorHandler@interruptHandler        cstackBANK0  00023
EUSART_SetFramingErrorHandler@interruptHandler cstackBANK0  00023
EUSART_SetOverrunErrorHandler@interruptHandler cstackBANK0  00023
EUSART_SetRxInterruptHandler@interruptHandler  cstackBANK0  00023
EUSART_SetTxInterruptHandler@interruptHandler  cstackBANK0  00023
EUSART_Write@txData                            cstackBANK0  00024
I2C_CallbackReturnReset@funPtr                 cstackCOMMON 00079
I2C_MasterSendTxData@data                      cstackCOMMON 00070
I2C_Master_Write@data                          cstackBANK0  00023
I2C_SetBuffer@buffer                           cstackCOMMON 00073
I2C_SetBuffer@bufferSize                       cstackCOMMON 00070
I2C_SetCallback@cb                             cstackCOMMON 00070
I2C_SetCallback@idx                            cstackCOMMON 00074
I2C_SetCallback@ptr                            cstackCOMMON 00072
I2C_SetDataCompleteCallback@cb                 cstackCOMMON 00075
I2C_SetDataCompleteCallback@ptr                cstackCOMMON 00077
IO_Expander_Write@Data                         cstackBANK0  00024
LCD_CMD@CMD                                    cstackBANK0  00028
LCD_Init@I2C_Add                               cstackBANK0  0002B
LCD_Set_Cursor@COL                             cstackBANK0  00029
LCD_Set_Cursor@ROW                             cstackBANK0  0002C
LCD_Write_4Bit@Nibble                          cstackBANK0  00026
LCD_Write_Char@Data                            cstackBANK0  00028
LCD_Write_String@Str                           cstackBANK0  00029
LCD_Write_String@i                             cstackBANK0  0002C
_ACKDT                                         (abs)        010B5
_ACKEN                                         (abs)        010B4
_ACKSTAT                                       (abs)        010B6
_ADCON0                                        (abs)        0009D
_ADCON0bits                                    (abs)        0009D
_ADCON1                                        (abs)        0009E
_ADC_Initialize                                text56       00800
_ADRESH                                        (abs)        0009C
_ADRESL                                        (abs)        0009B
_ANSELA                                        (abs)        0018C
_ANSELB                                        (abs)        0018D
_ANSELD                                        (abs)        0018F
_ANSELE                                        (abs)        00190
_APFCON                                        (abs)        0011D
_BAUDCON                                       (abs)        0019F
_BORCON                                        (abs)        00116
_BackLight_State                               dataBANK1    000EE
_EEADRH                                        (abs)        00192
_EEADRL                                        (abs)        00191
_EECON1bits                                    (abs)        00195
_EECON2                                        (abs)        00196
_EEDATH                                        (abs)        00194
_EEDATL                                        (abs)        00193
_EUSART_DefaultErrorHandler                    text110      01489
_EUSART_DefaultFramingErrorHandler             text109      01473
_EUSART_DefaultOverrunErrorHandler             text108      0148D
_EUSART_ErrorHandler                           bssBANK1     000C3
_EUSART_FramingErrorHandler                    bssBANK1     000C7
_EUSART_Initialize                             text50       0048A
_EUSART_OverrunErrorHandler                    bssBANK1     000C5
_EUSART_Read                                   text19       00638
_EUSART_Receive_ISR                            text107      00557
_EUSART_RxDataHandler                          text111      016F5
_EUSART_RxDefaultInterruptHandler              bssBANK1     000C9
_EUSART_SetErrorHandler                        text55       01535
_EUSART_SetFramingErrorHandler                 text54       0153E
_EUSART_SetOverrunErrorHandler                 text53       01547
_EUSART_SetRxInterruptHandler                  text52       01550
_EUSART_SetTxInterruptHandler                  text51       01559
_EUSART_Transmit_ISR                           text106      00808
_EUSART_TxDefaultInterruptHandler              bssBANK1     000CB
_EUSART_Write                                  text30       00720
_I2C_CallbackReturnReset                       text94       00002
_I2C_CallbackReturnStop                        text95       01475
_I2C_DO_ADDRESS_NACK                           text71       00778
_I2C_DO_IDLE                                   text85       014BE
_I2C_DO_RCEN                                   text80       0150F
_I2C_DO_RESET                                  text72       014E6
_I2C_DO_RX                                     text81       004D0
_I2C_DO_RX_ACK                                 text75       014D7
_I2C_DO_RX_NACK_RESTART                        text73       014E1
_I2C_DO_RX_NACK_STOP                           text74       014DC
_I2C_DO_SEND_ADR_READ                          text84       0152C
_I2C_DO_SEND_ADR_WRITE                         text83       01524
_I2C_DO_SEND_RESTART                           text77       014CD
_I2C_DO_SEND_RESTART_READ                      text79       014C3
_I2C_DO_SEND_RESTART_WRITE                     text78       014C8
_I2C_DO_SEND_STOP                              text76       014D2
_I2C_DO_TX                                     text82       00300
_I2C_DO_TX_EMPTY                               text86       00696
_I2C_Initialize                                text49       0156B
_I2C_MasterClearIrq                            text70       01486
_I2C_MasterEnableRestart                       text105      01477
_I2C_MasterFsm                                 text69       006C5
_I2C_MasterGetRxData                           text91       01480
_I2C_MasterIsNack                              text88       014EB
_I2C_MasterIsr                                 text68       01499
_I2C_MasterSendAck                             text90       01495
_I2C_MasterSendNack                            text92       01491
_I2C_MasterSendTxData                          text89       014B9
_I2C_MasterSetIrq                              text87       01483
_I2C_MasterStartRx                             text93       0147D
_I2C_MasterStop                                text104      0147A
_I2C_Master_Init                               text66       01575
_I2C_Master_Start                              text63       014F1
_I2C_Master_Stop                               text62       014F7
_I2C_Master_Wait                               text64       01580
_I2C_Master_Write                              text61       007F0
_I2C_SetBuffer                                 text103      015F5
_I2C_SetCallback                               text102      007CA
_I2C_SetDataCompleteCallback                   text101      01598
_I2C_Status                                    bssBANK1     000A0
_IN12                                          text65       0149D
_IN48                                          text16       014B1
_INTCONbits                                    (abs)        0000B
_INTERRUPT_InterruptManager                    intentry     00004
_IN_OFF                                        text15       014B5
_IO_Expander_Write                             text60       0166E
_LATA                                          (abs)        0010C
_LATAbits                                      (abs)        0010C
_LATB                                          (abs)        0010D
_LATBbits                                      (abs)        0010D
_LATC                                          (abs)        0010E
_LATD                                          (abs)        0010F
_LATE                                          (abs)        00110
_LATEbits                                      (abs)        00110
_LCD_CMD                                       text58       01699
_LCD_Clear                                     text40       01562
_LCD_Init                                      text57       0012F
_LCD_Set_Cursor                                text39       00667
_LCD_Write_4Bit                                text59       01683
_LCD_Write_Char                                text38       016AF
_LCD_Write_String                              text37       0179E
_MSSP_InterruptHandler                         bssBANK1     000CF
_OPTION_REGbits                                (abs)        00095
_OSCCON                                        (abs)        00099
_OSCILLATOR_Initialize                         text48       0158C
_OSCTUNE                                       (abs)        00098
_PEN                                           (abs)        010B2
_PIE1bits                                      (abs)        00091
_PIE2bits                                      (abs)        00092
_PIN_MANAGER_Initialize                        text47       0177F
_PIR1bits                                      (abs)        00011
_PIR2bits                                      (abs)        00012
_PLLR                                          (abs)        004D6
_PORTDbits                                     (abs)        0000F
_RCEN                                          (abs)        010B3
_RCREG                                         (abs)        00199
_RCSTA                                         (abs)        0019D
_RCSTAbits                                     (abs)        0019D
_RS                                            bssCOMMON    0007D
_RSEN                                          (abs)        010B1
_SEN                                           (abs)        010B0
_SPBRGH                                        (abs)        0019C
_SPBRGL                                        (abs)        0019B
_SSPADD                                        (abs)        00212
_SSPBUF                                        (abs)        00211
_SSPCON                                        (abs)        00215
_SSPCON1                                       (abs)        00215
_SSPCON1bits                                   (abs)        00215
_SSPCON2                                       (abs)        00216
_SSPCON2bits                                   (abs)        00216
_SSPIF                                         (abs)        0008B
_SSPSTAT                                       (abs)        00214
_SSPSTATbits                                   (abs)        00214
_SYSTEM_Initialize                             text45       0165B
_TC12                                          text44       014A5
_TC48                                          text43       014A9
_TC_OFF                                        text42       014AD
_TRISA                                         (abs)        0008C
_TRISB                                         (abs)        0008D
_TRISC                                         (abs)        0008E
_TRISC3                                        (abs)        00473
_TRISC4                                        (abs)        00474
_TRISD                                         (abs)        0008F
_TRISE                                         (abs)        00090
_TXREG                                         (abs)        0019A
_TXSTA                                         (abs)        0019E
_TXSTAbits                                     (abs)        0019E
_WDTCON                                        (abs)        00097
_WDT_Initialize                                text46       014A1
_WPUB                                          (abs)        0020D
_WPUE                                          (abs)        00210
__Habs1                                        abs1         00000
__Hbank0                                       bank0        00000
__Hbank1                                       bank1        00000
__Hbank10                                      bank10       00000
__Hbank11                                      bank11       00000
__Hbank12                                      bank12       00000
__Hbank13                                      bank13       00000
__Hbank14                                      bank14       00000
__Hbank15                                      bank15       00000
__Hbank16                                      bank16       00000
__Hbank17                                      bank17       00000
__Hbank18                                      bank18       00000
__Hbank19                                      bank19       00000
__Hbank2                                       bank2        00000
__Hbank20                                      bank20       00000
__Hbank21                                      bank21       00000
__Hbank22                                      bank22       00000
__Hbank23                                      bank23       00000
__Hbank24                                      bank24       00000
__Hbank25                                      bank25       00000
__Hbank26                                      bank26       00000
__Hbank27                                      bank27       00000
__Hbank28                                      bank28       00000
__Hbank29                                      bank29       00000
__Hbank3                                       bank3        00000
__Hbank30                                      bank30       00000
__Hbank31                                      bank31       00000
__Hbank4                                       bank4        00000
__Hbank5                                       bank5        00000
__Hbank6                                       bank6        00000
__Hbank7                                       bank7        00000
__Hbank8                                       bank8        00000
__Hbank9                                       bank9        00000
__Hbigram                                      bigram       00000
__HbssBANK0                                    bssBANK0     00000
__HbssBANK1                                    bssBANK1     00000
__HbssBANK2                                    bssBANK2     00000
__HbssBANK3                                    bssBANK3     00000
__HbssCOMMON                                   bssCOMMON    00000
__Hcinit                                       cinit        00082
__Hclrtext                                     clrtext      00000
__Hcode                                        code         00000
__Hcommon                                      common       00000
__Hconfig                                      config       08009
__HcstackBANK0                                 cstackBANK0  00000
__HcstackBANK1                                 cstackBANK1  00000
__HcstackBANK3                                 cstackBANK3  00000
__HcstackCOMMON                                cstackCOMMON 00000
__HdataBANK1                                   dataBANK1    00000
__HdataBANK2                                   dataBANK2    00000
__Heeprom_data                                 eeprom_data  00000
__Hend_init                                    end_init     0004C
__Hfunctab                                     functab      00000
__HidataBANK1                                  idataBANK1   00000
__HidataBANK2                                  idataBANK2   00000
__Hidloc                                       idloc        08004
__Hinit                                        init         0004A
__Hinittext                                    inittext     00000
__Hintentry                                    intentry     0004A
__Hmaintext                                    maintext     00000
__Hpowerup                                     powerup      00000
__Hram                                         ram          00000
__Hreset_vec                                   reset_vec    00002
__Hsfr0                                        sfr0         00000
__Hsfr1                                        sfr1         00000
__Hsfr10                                       sfr10        00000
__Hsfr11                                       sfr11        00000
__Hsfr12                                       sfr12        00000
__Hsfr13                                       sfr13        00000
__Hsfr14                                       sfr14        00000
__Hsfr15                                       sfr15        00000
__Hsfr16                                       sfr16        00000
__Hsfr17                                       sfr17        00000
__Hsfr18                                       sfr18        00000
__Hsfr19                                       sfr19        00000
__Hsfr2                                        sfr2         00000
__Hsfr20                                       sfr20        00000
__Hsfr21                                       sfr21        00000
__Hsfr22                                       sfr22        00000
__Hsfr23                                       sfr23        00000
__Hsfr24                                       sfr24        00000
__Hsfr25                                       sfr25        00000
__Hsfr26                                       sfr26        00000
__Hsfr27                                       sfr27        00000
__Hsfr28                                       sfr28        00000
__Hsfr29                                       sfr29        00000
__Hsfr3                                        sfr3         00000
__Hsfr30                                       sfr30        00000
__Hsfr31                                       sfr31        00000
__Hsfr4                                        sfr4         00000
__Hsfr5                                        sfr5         00000
__Hsfr6                                        sfr6         00000
__Hsfr7                                        sfr7         00000
__Hsfr8                                        sfr8         00000
__Hsfr9                                        sfr9         00000
__Hspace_0                                     (abs)        01A5F
__Hspace_1                                     (abs)        001DF
__Hspace_2                                     (abs)        00000
__Hspace_3                                     (abs)        00000
__Hspace_4                                     (abs)        10010
__Hstack                                       stack        00000
__Hstrings                                     strings      00000
__Hstringtext1                                 stringtext1  00000
__Hstringtext10                                stringtext10 00000
__Hstringtext11                                stringtext11 00000
__Hstringtext12                                stringtext12 00000
__Hstringtext13                                stringtext13 00000
__Hstringtext14                                stringtext14 00000
__Hstringtext15                                stringtext15 00000
__Hstringtext16                                stringtext16 00000
__Hstringtext17                                stringtext17 00000
__Hstringtext18                                stringtext18 00000
__Hstringtext19                                stringtext19 00000
__Hstringtext2                                 stringtext2  00000
__Hstringtext20                                stringtext20 00000
__Hstringtext21                                stringtext21 00000
__Hstringtext22                                stringtext22 00000
__Hstringtext23                                stringtext23 00000
__Hstringtext24                                stringtext24 00000
__Hstringtext25                                stringtext25 00000
__Hstringtext26                                stringtext26 00000
__Hstringtext27                                stringtext27 00000
__Hstringtext28                                stringtext28 00000
__Hstringtext29                                stringtext29 00000
__Hstringtext3                                 stringtext3  00000
__Hstringtext30                                stringtext30 00000
__Hstringtext31                                stringtext31 00000
__Hstringtext32                                stringtext32 00000
__Hstringtext33                                stringtext33 00000
__Hstringtext34                                stringtext34 00000
__Hstringtext35                                stringtext35 00000
__Hstringtext36                                stringtext36 00000
__Hstringtext37                                stringtext37 00000
__Hstringtext38                                stringtext38 00000
__Hstringtext39                                stringtext39 00000
__Hstringtext4                                 stringtext4  00000
__Hstringtext40                                stringtext40 00000
__Hstringtext41                                stringtext41 00000
__Hstringtext42                                stringtext42 00000
__Hstringtext43                                stringtext43 00000
__Hstringtext44                                stringtext44 00000
__Hstringtext5                                 stringtext5  00000
__Hstringtext6                                 stringtext6  00000
__Hstringtext7                                 stringtext7  00000
__Hstringtext8                                 stringtext8  00000
__Hstringtext9                                 stringtext9  00000
__Htext                                        text         00000
__Labs1                                        abs1         00000
__Lbank0                                       bank0        00000
__Lbank1                                       bank1        00000
__Lbank10                                      bank10       00000
__Lbank11                                      bank11       00000
__Lbank12                                      bank12       00000
__Lbank13                                      bank13       00000
__Lbank14                                      bank14       00000
__Lbank15                                      bank15       00000
__Lbank16                                      bank16       00000
__Lbank17                                      bank17       00000
__Lbank18                                      bank18       00000
__Lbank19                                      bank19       00000
__Lbank2                                       bank2        00000
__Lbank20                                      bank20       00000
__Lbank21                                      bank21       00000
__Lbank22                                      bank22       00000
__Lbank23                                      bank23       00000
__Lbank24                                      bank24       00000
__Lbank25                                      bank25       00000
__Lbank26                                      bank26       00000
__Lbank27                                      bank27       00000
__Lbank28                                      bank28       00000
__Lbank29                                      bank29       00000
__Lbank3                                       bank3        00000
__Lbank30                                      bank30       00000
__Lbank31                                      bank31       00000
__Lbank4                                       bank4        00000
__Lbank5                                       bank5        00000
__Lbank6                                       bank6        00000
__Lbank7                                       bank7        00000
__Lbank8                                       bank8        00000
__Lbank9                                       bank9        00000
__Lbigram                                      bigram       00000
__LbssBANK0                                    bssBANK0     00000
__LbssBANK1                                    bssBANK1     00000
__LbssBANK2                                    bssBANK2     00000
__LbssBANK3                                    bssBANK3     00000
__LbssCOMMON                                   bssCOMMON    00000
__Lcinit                                       cinit        0004C
__Lclrtext                                     clrtext      00000
__Lcode                                        code         00000
__Lcommon                                      common       00000
__Lconfig                                      config       00000
__LcstackBANK0                                 cstackBANK0  00000
__LcstackBANK1                                 cstackBANK1  00000
__LcstackBANK3                                 cstackBANK3  00000
__LcstackCOMMON                                cstackCOMMON 00000
__LdataBANK1                                   dataBANK1    00000
__LdataBANK2                                   dataBANK2    00000
__Leeprom_data                                 eeprom_data  00000
__Lend_init                                    end_init     0004A
__Lfunctab                                     functab      00000
__LidataBANK1                                  idataBANK1   00000
__LidataBANK2                                  idataBANK2   00000
__Lidloc                                       idloc        00000
__Linit                                        init         0004A
__Linittext                                    inittext     00000
__Lintentry                                    intentry     00004
__Lmaintext                                    maintext     00000
__Lpowerup                                     powerup      00000
__Lram                                         ram          00000
__Lreset_vec                                   reset_vec    00000
__Lsfr0                                        sfr0         00000
__Lsfr1                                        sfr1         00000
__Lsfr10                                       sfr10        00000
__Lsfr11                                       sfr11        00000
__Lsfr12                                       sfr12        00000
__Lsfr13                                       sfr13        00000
__Lsfr14                                       sfr14        00000
__Lsfr15                                       sfr15        00000
__Lsfr16                                       sfr16        00000
__Lsfr17                                       sfr17        00000
__Lsfr18                                       sfr18        00000
__Lsfr19                                       sfr19        00000
__Lsfr2                                        sfr2         00000
__Lsfr20                                       sfr20        00000
__Lsfr21                                       sfr21        00000
__Lsfr22                                       sfr22        00000
__Lsfr23                                       sfr23        00000
__Lsfr24                                       sfr24        00000
__Lsfr25                                       sfr25        00000
__Lsfr26                                       sfr26        00000
__Lsfr27                                       sfr27        00000
__Lsfr28                                       sfr28        00000
__Lsfr29                                       sfr29        00000
__Lsfr3                                        sfr3         00000
__Lsfr30                                       sfr30        00000
__Lsfr31                                       sfr31        00000
__Lsfr4                                        sfr4         00000
__Lsfr5                                        sfr5         00000
__Lsfr6                                        sfr6         00000
__Lsfr7                                        sfr7         00000
__Lsfr8                                        sfr8         00000
__Lsfr9                                        sfr9         00000
__Lspace_0                                     (abs)        00000
__Lspace_1                                     (abs)        00000
__Lspace_2                                     (abs)        00000
__Lspace_3                                     (abs)        00000
__Lspace_4                                     (abs)        00000
__Lstack                                       stack        00000
__Lstrings                                     strings      00000
__Lstringtext1                                 stringtext1  00000
__Lstringtext10                                stringtext10 00000
__Lstringtext11                                stringtext11 00000
__Lstringtext12                                stringtext12 00000
__Lstringtext13                                stringtext13 00000
__Lstringtext14                                stringtext14 00000
__Lstringtext15                                stringtext15 00000
__Lstringtext16                                stringtext16 00000
__Lstringtext17                                stringtext17 00000
__Lstringtext18                                stringtext18 00000
__Lstringtext19                                stringtext19 00000
__Lstringtext2                                 stringtext2  00000
__Lstringtext20                                stringtext20 00000
__Lstringtext21                                stringtext21 00000
__Lstringtext22                                stringtext22 00000
[...]
__size_of_fputc                                (abs)        00000
__size_of_initialConditions                    (abs)        00000
__size_of_ledConforme                          (abs)        00000
__size_of_ledNonConforme                       (abs)        00000
__size_of_ledProgession                        (abs)        00000
__size_of_main                                 (abs)        00000
__size_of_modeBP                               (abs)        00000
__size_of_okAlert                              (abs)        00000
__size_of_printf                               (abs)        00000
__size_of_putch                                (abs)        00000
__size_of_rasAlimention                        (abs)        00000
__size_of_rd1RegCompleteHandler                (abs)        00000
__size_of_rd2RegCompleteHandler                (abs)        00000
__size_of_rdBlkRegCompleteHandler              (abs)        00000
__size_of_reponseOperateur                     (abs)        00000
__size_of_sortieErreur                         (abs)        00000
__size_of_startAlert                           (abs)        00000
__size_of_strcat                               (abs)        00000
__size_of_strcpy                               (abs)        00000
__size_of_strlen                               (abs)        00000
__size_of_strncpy                              (abs)        00000
__size_of_testCP                               (abs)        00000
__size_of_testFermeture                        (abs)        00000
__size_of_testNOK                              (abs)        00000
__size_of_testOK                               (abs)        00000
__size_of_vfpfcnvrt                            (abs)        00000
__size_of_vfprintf                             (abs)        00000
__size_of_wr1RegCompleteHandler                (abs)        00000
__size_of_wr2RegCompleteHandler                (abs)        00000
_activerBP                                     text14       015D9
_activerBuzzer                                 text35       0074C
_activerReed                                   text41       015A5
_alerteDefaut                                  text20       00232
_alerteDefaut$2820                             cstackBANK3  001DE
_attenteAquittement                            text6        002A2
_attenteDemarrage                              text18       00355
_attenteOK                                     text17       014FD
_debloquerCPs                                  text12       006F3
_displayManager                                text36       003A9
_errorAlert                                    text34       00442
_eusartRxBuffer                                bssBANK2     00146
_eusartRxCount                                 bssBANK0     00057
_eusartRxHead                                  bssBANK0     00059
_eusartRxLastError                             bssBANK1     000D1
_eusartRxStatusBuffer                          bssBANK2     0013E
_eusartRxTail                                  bssBANK0     00058
_eusartTxBuffer                                bssBANK2     0014E
_eusartTxBufferRemaining                       bssBANK0     0005A
_eusartTxHead                                  bssBANK0     0005C
_eusartTxTail                                  bssBANK0     0005B
_flags                                         bssBANK1     000C1
_fputc                                         text28       00516
_i2c_add                                       bssBANK0     00056
_i2c_fsmStateTable                             stringtext1  01000
_initialConditions                             text5        005D6
_ledConforme                                   text33       015B2
_ledNonConforme                                text32       015BF
_ledProgession                                 text31       015CC
_main                                          maintext     00872
_modeBP                                        text13       015E6
_nout                                          bssBANK1     000BD
_okAlert                                       text10       017BD
_prec                                          bssBANK1     000BF
_printf                                        text25       01649
_putch                                         text29       01516
_rasAlimention                                 text24       0151D
_rd1RegCompleteHandler                         text99       01616
_rd2RegCompleteHandler                         text98       01627
_rdBlkRegCompleteHandler                       text96       016DD
_reponseOperateur                              text7        001BA
_sortieErreur                                  text4        003FA
_startAlert                                    text11       007A4
_strcat                                        text21       016C6
_strcpy                                        text23       017DE
_strlen                                        text22       01710
_strncpy                                       text3        00598
_testCP                                        text2        0084E
_testFermeture                                 text1        0082B
_testNOK                                       text9        0172B
_testOK                                        text8        01746
_vfpfcnvrt                                     text27       00082
_vfprintf                                      text26       00607
_width                                         bssBANK2     00156
_wr1RegCompleteHandler                         text97       01638
_wr2RegCompleteHandler                         text100      01605
activerBP@active                               cstackBANK0  00023
activerBuzzer@i                                cstackBANK0  00024
activerReed@active                             cstackBANK0  00023
alerteDefaut@F3713                             dataBANK2    00120
alerteDefaut@F3715                             dataBANK2    00134
alerteDefaut@eol                               cstackBANK3  001D4
alerteDefaut@error                             cstackBANK3  001C0
alerteDefaut@etape                             cstackBANK0  00043
alerteDefaut@testAct                           cstackBANK0  00045
alerteDefaut@testVoy                           cstackBANK0  00046
attenteAquittement@autom                       cstackBANK0  00043
attenteAquittement@reception                   cstackBANK0  00049
attenteAquittement@repOperateur                cstackBANK0  0004A
attenteAquittement@testAct                     cstackBANK0  00045
attenteDemarrage@autom                         cstackBANK0  00048
attenteDemarrage@reception                     cstackBANK0  00046
attenteDemarrage@repOperateur                  cstackBANK0  00047
attenteDemarrage@testAct                       cstackBANK0  00043
btemp                                          (abs)        0007E
clear_ram0                                     clrtext      01503
displayManager@s1                              cstackBANK0  0002E
displayManager@s2                              cstackBANK0  00030
displayManager@s3                              cstackBANK0  00032
displayManager@s4                              cstackBANK0  00034
end_of_initialization                          cinit        0007E
errorAlert@i                                   cstackBANK0  0002A
errorAlert@j                                   cstackBANK0  00028
fputc@c                                        cstackBANK0  00026
fputc@fp                                       cstackBANK0  00028
init_ram                                       inittext     01509
initialConditions@autom                        cstackBANK0  00047
initialConditions@testAct                      cstackBANK0  00043
initialConditions@testVoy                      cstackBANK0  00045
int$flags                                      (abs)        0007E
intlevel0                                      functab      00000
intlevel1                                      functab      00000
intlevel2                                      functab      00000
intlevel3                                      functab      00000
intlevel4                                      functab      00000
intlevel5                                      functab      00000
ledConforme@active                             cstackBANK0  00023
ledNonConforme@active                          cstackBANK0  00023
ledProgession@active                           cstackBANK0  00023
main@automatique                               cstackBANK1  000EB
main@cps                                       cstackBANK1  000E9
main@erreurCPs                                 cstackBANK1  000E8
main@messageDefautCP                           cstackBANK1  000D2
main@tentatives                                cstackBANK1  000E6
main@testActif                                 cstackBANK1  000ED
main@testVoyants                               cstackBANK1  000EC
modeBP@active                                  cstackBANK0  00023
okAlert@i                                      cstackBANK0  00044
printf@ap                                      cstackBANK0  00042
printf@fmt                                     cstackBANK0  0003F
putch@txData                                   cstackBANK0  00025
rd1RegCompleteHandler@ptr                      cstackCOMMON 00079
rd2RegCompleteHandler@ptr                      cstackCOMMON 00079
rdBlkRegCompleteHandler@ptr                    cstackCOMMON 00079
reponseOperateur@automatique                   cstackBANK0  00028
reponseOperateur@reception                     cstackBANK0  00027
reponseOperateur@repOperateur                  cstackBANK0  0002A
reponseOperateur@reponse                       cstackBANK0  00029
reset_vec                                      reset_vec    00000
sortieErreur@autom                             cstackBANK0  00053
sortieErreur@testAct                           cstackBANK0  0004B
sortieErreur@testVoy                           cstackBANK0  0004C
start                                          init         0004A
startAlert@i                                   cstackBANK0  00028
start_initialization                           cinit        0004C
strcat@dest                                    cstackBANK0  00034
strcat@src                                     cstackBANK0  00030
strcpy@d                                       cstackBANK0  0002E
strcpy@dest                                    cstackBANK0  0002F
strcpy@s                                       cstackBANK0  0002C
strcpy@src                                     cstackBANK0  00028
strlen@a                                       cstackBANK0  00026
strlen@s                                       cstackBANK0  00027
strncpy@cp                                     cstackBANK0  0002A
strncpy@d                                      cstackBANK0  00029
strncpy@n                                      cstackBANK0  00025
strncpy@s                                      cstackBANK0  00023
testCP@result                                  cstackBANK0  00025
testFermeture@active                           cstackBANK0  00024
testFermeture@result                           cstackBANK0  00023
testNOK@active                                 cstackBANK0  00024
testNOK@result                                 cstackBANK0  00023
testOK@active                                  cstackBANK0  00024
testOK@result                                  cstackBANK0  00023
vfpfcnvrt@ap                                   cstackBANK0  0002F
vfpfcnvrt@fmt                                  cstackBANK0  0002E
vfpfcnvrt@fp                                   cstackBANK0  00036
vfpfcnvrt@vp                                   cstackBANK0  00035
vfprintf@ap                                    cstackBANK0  00039
vfprintf@cfmt                                  cstackBANK0  0003D
vfprintf@fmt                                   cstackBANK0  00037
vfprintf@fp                                    cstackBANK0  0003C
wr1RegCompleteHandler@ptr                      cstackCOMMON 00079
wr2RegCompleteHandler@ptr                      cstackCOMMON 00079
wtemp0                                         (abs)        0007E


MODULE INFORMATION

Module		Function		Class		Link	Load	Size
C:\Program Files\Microchip\xc8\v2.32\pic\sources\c99\common\doprnt.c
		_vfpfcnvrt     		CODE           	0082	0000	173
		_vfprintf      		CODE           	0607	0000	49

C:\Program Files\Microchip\xc8\v2.32\pic\sources\c99\common\doprnt.c estimated size: 222

mcc_generated_files/interrupt_manager.c
		_INTERRUPT_InterruptManager		CODE           	0004	0000	70

mcc_generated_files/interrupt_manager.c estimated size: 70

mcc_generated_files/examples/i2c_master_example.c
		_wr1RegCompleteHandler		CODE           	1638	0000	17
		_wr2RegCompleteHandler		CODE           	1605	0000	17
		_rdBlkRegCompleteHandler		CODE           	16DD	0000	24
		_rd1RegCompleteHandler		CODE           	1616	0000	17
		_rd2RegCompleteHandler		CODE           	1627	0000	17

mcc_generated_files/examples/i2c_master_example.c estimated size: 92

mcc_generated_files/pin_manager.c
		_PIN_MANAGER_Initialize		CODE           	177F	0000	31

mcc_generated_files/pin_manager.c estimated size: 31

mcc_generated_files/adc.c
		_ADC_Initialize		CODE           	0800	0000	8

mcc_generated_files/adc.c estimated size: 8

shared
		__initialization		CODE           	004C	0000	50
		_i2c_fsmStateTable		STRCODE        	1000	0000	32

shared estimated size: 82

I2C_LCD.c
		_LCD_Init      		CODE           	012F	0000	139
		_LCD_Write_4Bit		CODE           	1683	0000	22
		_LCD_Write_Char		CODE           	16AF	0000	23
		_LCD_CMD       		CODE           	1699	0000	22
		_I2C_Master_Wait		CODE           	1580	0000	12
		_I2C_Master_Init		CODE           	1575	0000	11
		_I2C_Master_Stop		CODE           	14F7	0000	6
		_LCD_Set_Cursor		CODE           	0667	0000	47
		_LCD_Clear     		CODE           	1562	0000	9
		_IO_Expander_Write		CODE           	166E	0000	21
		_I2C_Master_Write		CODE           	07F0	0000	16
		_I2C_Master_Start		CODE           	14F1	0000	6
		_LCD_Write_String		CODE           	179E	0000	31

I2C_LCD.c estimated size: 365

C:\Program Files\Microchip\xc8\v2.32\pic\sources\c99\common\strncpy.c
		_strncpy       		CODE           	0598	0000	62

C:\Program Files\Microchip\xc8\v2.32\pic\sources\c99\common\strncpy.c estimated size: 62

mcc_generated_files/mcc.c
		_WDT_Initialize		CODE           	14A1	0000	4
		_OSCILLATOR_Initialize		CODE           	158C	0000	12
		_SYSTEM_Initialize		CODE           	165B	0000	19

mcc_generated_files/mcc.c estimated size: 35

display.c
		_displayManager		CODE           	03A9	0000	81

display.c estimated size: 81

C:\Program Files\Microchip\xc8\v2.32\pic\sources\c99\common\strcat.c
		_strcat        		CODE           	16C6	0000	23

C:\Program Files\Microchip\xc8\v2.32\pic\sources\c99\common\strcat.c estimated size: 23

mcc_generated_files/i2c_master.c
		_I2C_MasterStartRx		CODE           	147D	0000	3
		_I2C_DO_SEND_ADR_WRITE		CODE           	1524	0000	8
		_I2C_DO_SEND_STOP		CODE           	14D2	0000	5
		_I2C_MasterSendNack		CODE           	1491	0000	4
		_I2C_CallbackReturnStop		CODE           	1475	0000	2
		_I2C_DO_SEND_ADR_READ		CODE           	152C	0000	9
		_I2C_DO_RX_NACK_STOP		CODE           	14DC	0000	5
		_I2C_DO_SEND_RESTART		CODE           	14CD	0000	5
		_I2C_DO_RX     		CODE           	04D0	0000	70
		_I2C_DO_TX     		CODE           	0300	0000	85
		_I2C_DO_IDLE   		CODE           	14BE	0000	5
		_I2C_DO_RCEN   		CODE           	150F	0000	7
		_I2C_DO_RESET  		CODE           	14E6	0000	5
		_I2C_DO_RX_ACK 		CODE           	14D7	0000	5
		_I2C_MasterClearIrq		CODE           	1486	0000	3
		_I2C_MasterGetRxData		CODE           	1480	0000	3
		_I2C_SetCallback		CODE           	07CA	0000	38
		_I2C_DO_ADDRESS_NACK		CODE           	0778	0000	44
		_I2C_MasterEnableRestart		CODE           	1477	0000	3
		_I2C_CallbackReturnReset		CODE           	0002	0000	2
		_I2C_DO_TX_EMPTY		CODE           	0696	0000	47
		_I2C_DO_SEND_RESTART_WRITE		CODE           	14C8	0000	5
		_I2C_MasterIsNack		CODE           	14EB	0000	6
		_I2C_SetDataCompleteCallback		CODE           	1598	0000	13
		_I2C_DO_RX_NACK_RESTART		CODE           	14E1	0000	5
		_I2C_MasterSendAck		CODE           	1495	0000	4
		_I2C_MasterFsm 		CODE           	06C5	0000	46
		_I2C_MasterIsr 		CODE           	1499	0000	4
		_I2C_MasterSetIrq		CODE           	1483	0000	3
		_I2C_DO_SEND_RESTART_READ		CODE           	14C3	0000	5
		_I2C_Initialize		CODE           	156B	0000	10
		_I2C_SetBuffer 		CODE           	15F5	0000	16
		_I2C_MasterSendTxData		CODE           	14B9	0000	5
		_I2C_MasterStop		CODE           	147A	0000	3

mcc_generated_files/i2c_master.c estimated size: 483

mcc_generated_files/eusart.c
		_EUSART_SetRxInterruptHandler		CODE           	1550	0000	9
		_EUSART_SetTxInterruptHandler		CODE           	1559	0000	9
		_putch         		CODE           	1516	0000	7
		_EUSART_Read   		CODE           	0638	0000	47
		_EUSART_DefaultOverrunErrorHandler		CODE           	148D	0000	4
		_EUSART_Write  		CODE           	0720	0000	44
		_EUSART_DefaultErrorHandler		CODE           	1489	0000	4
		_EUSART_Transmit_ISR		CODE           	0808	0000	35
		_EUSART_Initialize		CODE           	048A	0000	70
		_EUSART_SetFramingErrorHandler		CODE           	153E	0000	9
		_EUSART_SetErrorHandler		CODE           	1535	0000	9
		_EUSART_SetOverrunErrorHandler		CODE           	1547	0000	9
		_EUSART_Receive_ISR		CODE           	0557	0000	65
		_EUSART_RxDataHandler		CODE           	16F5	0000	27
		_EUSART_DefaultFramingErrorHandler		CODE           	1473	0000	1

mcc_generated_files/eusart.c estimated size: 349

C:\Program Files\Microchip\xc8\v2.32\pic\sources\c99\common\printf.c
		_printf        		CODE           	1649	0000	18

C:\Program Files\Microchip\xc8\v2.32\pic\sources\c99\common\printf.c estimated size: 18

C:\Program Files\Microchip\xc8\v2.32\pic\sources\c99\common\nf_fputc.c
		_fputc         		CODE           	0516	0000	65

C:\Program Files\Microchip\xc8\v2.32\pic\sources\c99\common\nf_fputc.c estimated size: 65

tester.c
		_okAlert       		CODE           	17BD	0000	33
		_alerteDefaut  		CODE           	0232	0000	112
		_initialConditions		CODE           	05D6	0000	49
		_debloquerCPs  		CODE           	06F3	0000	45
		_errorAlert    		CODE           	0442	0000	72
		_ledProgession 		CODE           	15CC	0000	13
		_attenteAquittement		CODE           	02A2	0000	94
		_startAlert    		CODE           	07A4	0000	38
		_TC_OFF        		CODE           	14AD	0000	4
		_testCP        		CODE           	084E	0000	36
		_TC48          		CODE           	14A9	0000	4
		_modeBP        		CODE           	15E6	0000	15
		_IN_OFF        		CODE           	14B5	0000	4
		_IN48          		CODE           	14B1	0000	4
		_attenteOK     		CODE           	14FD	0000	6
		_testNOK       		CODE           	172B	0000	27
		_ledConforme   		CODE           	15B2	0000	13
		_attenteDemarrage		CODE           	0355	0000	84
		_ledNonConforme		CODE           	15BF	0000	13
		_activerBP     		CODE           	15D9	0000	13
		_rasAlimention 		CODE           	151D	0000	7
		_activerReed   		CODE           	15A5	0000	13
		_testFermeture 		CODE           	082B	0000	35
		_testOK        		CODE           	1746	0000	27
		_TC12          		CODE           	14A5	0000	4
		_activerBuzzer 		CODE           	074C	0000	44
		_sortieErreur  		CODE           	03FA	0000	72
		_IN12          		CODE           	149D	0000	4
		_reponseOperateur		CODE           	01BA	0000	120

tester.c estimated size: 1005

main.c
		_main          		CODE           	0872	0000	1934

main.c estimated size: 1934

C:\Program Files\Microchip\xc8\v2.32\pic\sources\c99\common\strlen.c
		_strlen        		CODE           	1710	0000	27

C:\Program Files\Microchip\xc8\v2.32\pic\sources\c99\common\strlen.c estimated size: 27

C:\Program Files\Microchip\xc8\v2.32\pic\sources\c99\common\strcpy.c
		_strcpy        		CODE           	17DE	0000	34

C:\Program Files\Microchip\xc8\v2.32\pic\sources\c99\common\strcpy.c estimated size: 34

